mainTest.c:110:5:main	8	static,ignoring_inline_asm
mainTest.c:191:6:initSystem	8	static
mainTest.c:214:6:usart2Rx_Callback	8	static
mainTest.c:221:6:CaptureTimer4_Channel1_Callback	4	static
mainTest.c:226:6:CaptureTimer4_Channel2_Callback	4	static
mainTest.c:231:6:CaptureTimer2_Channel3_Callback	4	static
mainTest.c:236:6:BasicTimer5_Callback	8	static
mainTest.c:250:6:delay_ms	16	static
mainTest.c:260:6:LEDState	8	static
mainTest.c:273:6:HCSR04_Configuration	8	static
mainTest.c:337:6:timerDelay_Configuration	8	static
mainTest.c:349:10:getCounterDelay	4	static
mainTest.c:360:6:MatrixLed_writeData	48	static
mainTest.c:381:6:initFrame	8	static
mainTest.c:392:6:eyesLeft	8	static
mainTest.c:403:6:eyesRight	8	static
mainTest.c:414:6:eyesClose	8	static
