main.c:112:5:main	8	static,ignoring_inline_asm
main.c:262:6:initSystem	8	static
main.c:291:6:usart2Rx_Callback	8	static
main.c:298:6:CaptureTimer4_Channel3_Callback	4	static
main.c:303:6:CaptureTimer4_Channel1_Callback	4	static
main.c:308:6:BasicTimer5_Callback	8	static
main.c:322:6:delay_ms	16	static
main.c:332:6:LEDState	8	static
main.c:345:6:HCSR04_Configuration	8	static
main.c:408:6:Serial_Configuration	8	static
main.c:444:6:SPI_Configuration	56	static
main.c:587:6:timerDelay_Configuration	8	static
main.c:599:10:getCounterDelay	4	static
main.c:610:6:MatrixLed_writeData	48	static
main.c:631:6:initFrame	8	static
main.c:642:6:eyesLeft	8	static
main.c:653:6:eyesRight	8	static
main.c:664:6:eyesClose	8	static
