core_cm4.h:1688:22:__NVIC_EnableIRQ	16	static
CaptureFrecDriver.c:28:6:capture_Config	16	static,ignoring_inline_asm
CaptureFrecDriver.c:266:10:getPeriodFrec	16	static
CaptureFrecDriver.c:383:10:getDutty	16	static
CaptureFrecDriver.c:496:10:getDutty_2	16	static
CaptureFrecDriver.c:552:28:CaptureTimer2_Channel1_Callback	4	static,ignoring_inline_asm
CaptureFrecDriver.c:559:28:CaptureTimer2_Channel2_Callback	4	static,ignoring_inline_asm
CaptureFrecDriver.c:566:28:CaptureTimer2_Channel3_Callback	4	static,ignoring_inline_asm
CaptureFrecDriver.c:573:28:CaptureTimer2_Channel4_Callback	4	static,ignoring_inline_asm
CaptureFrecDriver.c:580:28:CaptureTimer3_Channel1_Callback	4	static,ignoring_inline_asm
CaptureFrecDriver.c:587:28:CaptureTimer3_Channel2_Callback	4	static,ignoring_inline_asm
CaptureFrecDriver.c:594:28:CaptureTimer3_Channel3_Callback	4	static,ignoring_inline_asm
CaptureFrecDriver.c:601:28:CaptureTimer3_Channel4_Callback	4	static,ignoring_inline_asm
CaptureFrecDriver.c:608:28:CaptureTimer4_Channel1_Callback	4	static,ignoring_inline_asm
CaptureFrecDriver.c:615:28:CaptureTimer4_Channel2_Callback	4	static,ignoring_inline_asm
CaptureFrecDriver.c:622:28:CaptureTimer4_Channel3_Callback	4	static,ignoring_inline_asm
CaptureFrecDriver.c:629:28:CaptureTimer4_Channel4_Callback	4	static,ignoring_inline_asm
CaptureFrecDriver.c:636:28:CaptureTimer5_Channel1_Callback	4	static,ignoring_inline_asm
CaptureFrecDriver.c:643:28:CaptureTimer5_Channel2_Callback	4	static,ignoring_inline_asm
CaptureFrecDriver.c:650:28:CaptureTimer5_Channel3_Callback	4	static,ignoring_inline_asm
CaptureFrecDriver.c:657:28:CaptureTimer5_Channel4_Callback	4	static,ignoring_inline_asm
CaptureFrecDriver.c:665:6:stopCapture	16	static
CaptureFrecDriver.c:700:6:startCapture	16	static
