core_cm4.h:1688:22:__NVIC_EnableIRQ	16	static
ExtiDriver.c:14:6:extInt_Config	16	static,ignoring_inline_asm
ExtiDriver.c:900:29:callback_extInt0	4	static,ignoring_inline_asm
ExtiDriver.c:904:29:callback_extInt1	4	static,ignoring_inline_asm
ExtiDriver.c:908:29:callback_extInt2	4	static,ignoring_inline_asm
ExtiDriver.c:912:29:callback_extInt3	4	static,ignoring_inline_asm
ExtiDriver.c:916:29:callback_extInt4	4	static,ignoring_inline_asm
ExtiDriver.c:920:29:callback_extInt5	4	static,ignoring_inline_asm
ExtiDriver.c:924:29:callback_extInt6	4	static,ignoring_inline_asm
ExtiDriver.c:928:29:callback_extInt7	4	static,ignoring_inline_asm
ExtiDriver.c:932:29:callback_extInt8	4	static,ignoring_inline_asm
ExtiDriver.c:936:29:callback_extInt9	4	static,ignoring_inline_asm
ExtiDriver.c:940:29:callback_extInt10	4	static,ignoring_inline_asm
ExtiDriver.c:944:29:callback_extInt11	4	static,ignoring_inline_asm
ExtiDriver.c:948:29:callback_extInt12	4	static,ignoring_inline_asm
ExtiDriver.c:952:29:callback_extInt13	4	static,ignoring_inline_asm
ExtiDriver.c:956:29:callback_extInt14	4	static,ignoring_inline_asm
ExtiDriver.c:960:29:callback_extInt15	4	static,ignoring_inline_asm
ExtiDriver.c:967:6:EXTI0_IRQHandler	8	static
ExtiDriver.c:978:6:EXTI1_IRQHandler	8	static
ExtiDriver.c:989:6:EXTI2_IRQHandler	8	static
ExtiDriver.c:1000:6:EXTI3_IRQHandler	8	static
ExtiDriver.c:1011:6:EXTI4_IRQHandler	8	static
ExtiDriver.c:1032:6:EXTI9_5_IRQHandler	8	static
ExtiDriver.c:1080:6:EXTI15_10_IRQHandler	8	static
ExtiDriver.c:1132:6:configExternalTrigger	16	static,ignoring_inline_asm
