Archive member included to satisfy reference by file (symbol)

/home/rafaelach/Documents/GitHub/Proyectos_TallerV_rcasalins/PeripheralDrivers/Debug/libPeripheralDrivers.a(BasicTimer.o)
                              ./Src/main.o (BasicTimer_Config)
/home/rafaelach/Documents/GitHub/Proyectos_TallerV_rcasalins/PeripheralDrivers/Debug/libPeripheralDrivers.a(CaptureFrecDriver.o)
                              ./Src/main.o (capture_Config)
/home/rafaelach/Documents/GitHub/Proyectos_TallerV_rcasalins/PeripheralDrivers/Debug/libPeripheralDrivers.a(GPIOxDriver.o)
                              ./Src/main.o (GPIO_Config)
/home/rafaelach/Documents/GitHub/Proyectos_TallerV_rcasalins/PeripheralDrivers/Debug/libPeripheralDrivers.a(PwmDriver.o)
                              ./Src/main.o (pwm_Config)
/home/rafaelach/Documents/GitHub/Proyectos_TallerV_rcasalins/PeripheralDrivers/Debug/libPeripheralDrivers.a(SpiDriver.o)
                              ./Src/main.o (spi_config)
/home/rafaelach/Documents/GitHub/Proyectos_TallerV_rcasalins/PeripheralDrivers/Debug/libPeripheralDrivers.a(USARTxDriver.o)
                              ./Src/main.o (USART_Config)
/opt/st/stm32cubeide_1.7.0/plugins/com.st.stm32cube.ide.mcu.externaltools.gnu-tools-for-stm32.9-2020-q2-update.linux64_2.0.0.202105311346/tools/bin/../lib/gcc/arm-none-eabi/9.3.1/../../../../arm-none-eabi/lib/thumb/v7e-m/nofp/libc_nano.a(lib_a-errno.o)
                              ./Src/syscalls.o (__errno)
/opt/st/stm32cubeide_1.7.0/plugins/com.st.stm32cube.ide.mcu.externaltools.gnu-tools-for-stm32.9-2020-q2-update.linux64_2.0.0.202105311346/tools/bin/../lib/gcc/arm-none-eabi/9.3.1/../../../../arm-none-eabi/lib/thumb/v7e-m/nofp/libc_nano.a(lib_a-exit.o)
                              /opt/st/stm32cubeide_1.7.0/plugins/com.st.stm32cube.ide.mcu.externaltools.gnu-tools-for-stm32.9-2020-q2-update.linux64_2.0.0.202105311346/tools/bin/../lib/gcc/arm-none-eabi/9.3.1/../../../../arm-none-eabi/lib/thumb/v7e-m/nofp/crt0.o (exit)
/opt/st/stm32cubeide_1.7.0/plugins/com.st.stm32cube.ide.mcu.externaltools.gnu-tools-for-stm32.9-2020-q2-update.linux64_2.0.0.202105311346/tools/bin/../lib/gcc/arm-none-eabi/9.3.1/../../../../arm-none-eabi/lib/thumb/v7e-m/nofp/libc_nano.a(lib_a-impure.o)
                              /opt/st/stm32cubeide_1.7.0/plugins/com.st.stm32cube.ide.mcu.externaltools.gnu-tools-for-stm32.9-2020-q2-update.linux64_2.0.0.202105311346/tools/bin/../lib/gcc/arm-none-eabi/9.3.1/../../../../arm-none-eabi/lib/thumb/v7e-m/nofp/libc_nano.a(lib_a-exit.o) (_global_impure_ptr)
/opt/st/stm32cubeide_1.7.0/plugins/com.st.stm32cube.ide.mcu.externaltools.gnu-tools-for-stm32.9-2020-q2-update.linux64_2.0.0.202105311346/tools/bin/../lib/gcc/arm-none-eabi/9.3.1/../../../../arm-none-eabi/lib/thumb/v7e-m/nofp/libc_nano.a(lib_a-init.o)
                              /opt/st/stm32cubeide_1.7.0/plugins/com.st.stm32cube.ide.mcu.externaltools.gnu-tools-for-stm32.9-2020-q2-update.linux64_2.0.0.202105311346/tools/bin/../lib/gcc/arm-none-eabi/9.3.1/../../../../arm-none-eabi/lib/thumb/v7e-m/nofp/crt0.o (__libc_init_array)
/opt/st/stm32cubeide_1.7.0/plugins/com.st.stm32cube.ide.mcu.externaltools.gnu-tools-for-stm32.9-2020-q2-update.linux64_2.0.0.202105311346/tools/bin/../lib/gcc/arm-none-eabi/9.3.1/../../../../arm-none-eabi/lib/thumb/v7e-m/nofp/libc_nano.a(lib_a-memset.o)
                              /opt/st/stm32cubeide_1.7.0/plugins/com.st.stm32cube.ide.mcu.externaltools.gnu-tools-for-stm32.9-2020-q2-update.linux64_2.0.0.202105311346/tools/bin/../lib/gcc/arm-none-eabi/9.3.1/../../../../arm-none-eabi/lib/thumb/v7e-m/nofp/crt0.o (memset)
/opt/st/stm32cubeide_1.7.0/plugins/com.st.stm32cube.ide.mcu.externaltools.gnu-tools-for-stm32.9-2020-q2-update.linux64_2.0.0.202105311346/tools/bin/../lib/gcc/arm-none-eabi/9.3.1/../../../../arm-none-eabi/lib/thumb/v7e-m/nofp/libc_nano.a(lib_a-nano-vfprintf_float.o)
                              (_printf_float)
/opt/st/stm32cubeide_1.7.0/plugins/com.st.stm32cube.ide.mcu.externaltools.gnu-tools-for-stm32.9-2020-q2-update.linux64_2.0.0.202105311346/tools/bin/../lib/gcc/arm-none-eabi/9.3.1/../../../../arm-none-eabi/lib/thumb/v7e-m/nofp/libc_nano.a(lib_a-nano-vfprintf_i.o)
                              /opt/st/stm32cubeide_1.7.0/plugins/com.st.stm32cube.ide.mcu.externaltools.gnu-tools-for-stm32.9-2020-q2-update.linux64_2.0.0.202105311346/tools/bin/../lib/gcc/arm-none-eabi/9.3.1/../../../../arm-none-eabi/lib/thumb/v7e-m/nofp/libc_nano.a(lib_a-nano-vfprintf_float.o) (_printf_common)
/opt/st/stm32cubeide_1.7.0/plugins/com.st.stm32cube.ide.mcu.externaltools.gnu-tools-for-stm32.9-2020-q2-update.linux64_2.0.0.202105311346/tools/bin/../lib/gcc/arm-none-eabi/9.3.1/../../../../arm-none-eabi/lib/thumb/v7e-m/nofp/libc_nano.a(lib_a-nano-vfscanf_float.o)
                              (_scanf_float)
[...]
Memory Configuration

Name             Origin             Length             Attributes
RAM              0x0000000020000000 0x0000000000020000 xrw
FLASH            0x0000000008000000 0x0000000000080000 xr
*default*        0x0000000000000000 0xffffffffffffffff

Linker script and memory map

LOAD /opt/st/stm32cubeide_1.7.0/plugins/com.st.stm32cube.ide.mcu.externaltools.gnu-tools-for-stm32.9-2020-q2-update.linux64_2.0.0.202105311346/tools/bin/../lib/gcc/arm-none-eabi/9.3.1/thumb/v7e-m/nofp/crti.o
LOAD /opt/st/stm32cubeide_1.7.0/plugins/com.st.stm32cube.ide.mcu.externaltools.gnu-tools-for-stm32.9-2020-q2-update.linux64_2.0.0.202105311346/tools/bin/../lib/gcc/arm-none-eabi/9.3.1/thumb/v7e-m/nofp/crtbegin.o
LOAD /opt/st/stm32cubeide_1.7.0/plugins/com.st.stm32cube.ide.mcu.externaltools.gnu-tools-for-stm32.9-2020-q2-update.linux64_2.0.0.202105311346/tools/bin/../lib/gcc/arm-none-eabi/9.3.1/../../../../arm-none-eabi/lib/thumb/v7e-m/nofp/crt0.o
LOAD ./Src/main.o
LOAD ./Src/syscalls.o
LOAD ./Src/sysmem.o
LOAD ./Startup/startup_stm32f411retx.o
LOAD /home/rafaelach/Documents/GitHub/Proyectos_TallerV_rcasalins/PeripheralDrivers/Debug/libPeripheralDrivers.a
START GROUP
LOAD /opt/st/stm32cubeide_1.7.0/plugins/com.st.stm32cube.ide.mcu.externaltools.gnu-tools-for-stm32.9-2020-q2-update.linux64_2.0.0.202105311346/tools/bin/../lib/gcc/arm-none-eabi/9.3.1/../../../../arm-none-eabi/lib/thumb/v7e-m/nofp/libc_nano.a
LOAD /opt/st/stm32cubeide_1.7.0/plugins/com.st.stm32cube.ide.mcu.externaltools.gnu-tools-for-stm32.9-2020-q2-update.linux64_2.0.0.202105311346/tools/bin/../lib/gcc/arm-none-eabi/9.3.1/../../../../arm-none-eabi/lib/thumb/v7e-m/nofp/libm.a
END GROUP
START GROUP
LOAD /opt/st/stm32cubeide_1.7.0/plugins/com.st.stm32cube.ide.mcu.externaltools.gnu-tools-for-stm32.9-2020-q2-update.linux64_2.0.0.202105311346/tools/bin/../lib/gcc/arm-none-eabi/9.3.1/thumb/v7e-m/nofp/libgcc.a
LOAD /opt/st/stm32cubeide_1.7.0/plugins/com.st.stm32cube.ide.mcu.externaltools.gnu-tools-for-stm32.9-2020-q2-update.linux64_2.0.0.202105311346/tools/bin/../lib/gcc/arm-none-eabi/9.3.1/../../../../arm-none-eabi/lib/thumb/v7e-m/nofp/libc_nano.a
END GROUP
START GROUP
LOAD /opt/st/stm32cubeide_1.7.0/plugins/com.st.stm32cube.ide.mcu.externaltools.gnu-tools-for-stm32.9-2020-q2-update.linux64_2.0.0.202105311346/tools/bin/../lib/gcc/arm-none-eabi/9.3.1/thumb/v7e-m/nofp/libgcc.a
LOAD /opt/st/stm32cubeide_1.7.0/plugins/com.st.stm32cube.ide.mcu.externaltools.gnu-tools-for-stm32.9-2020-q2-update.linux64_2.0.0.202105311346/tools/bin/../lib/gcc/arm-none-eabi/9.3.1/../../../../arm-none-eabi/lib/thumb/v7e-m/nofp/libc_nano.a
LOAD /opt/st/stm32cubeide_1.7.0/plugins/com.st.stm32cube.ide.mcu.externaltools.gnu-tools-for-stm32.9-2020-q2-update.linux64_2.0.0.202105311346/tools/bin/../lib/gcc/arm-none-eabi/9.3.1/../../../../arm-none-eabi/lib/thumb/v7e-m/nofp/libnosys.a
END GROUP
START GROUP
LOAD /opt/st/stm32cubeide_1.7.0/plugins/com.st.stm32cube.ide.mcu.externaltools.gnu-tools-for-stm32.9-2020-q2-update.linux64_2.0.0.202105311346/tools/bin/../lib/gcc/arm-none-eabi/9.3.1/thumb/v7e-m/nofp/libgcc.a
LOAD /opt/st/stm32cubeide_1.7.0/plugins/com.st.stm32cube.ide.mcu.externaltools.gnu-tools-for-stm32.9-2020-q2-update.linux64_2.0.0.202105311346/tools/bin/../lib/gcc/arm-none-eabi/9.3.1/../../../../arm-none-eabi/lib/thumb/v7e-m/nofp/libc_nano.a
LOAD /opt/st/stm32cubeide_1.7.0/plugins/com.st.stm32cube.ide.mcu.externaltools.gnu-tools-for-stm32.9-2020-q2-update.linux64_2.0.0.202105311346/tools/bin/../lib/gcc/arm-none-eabi/9.3.1/../../../../arm-none-eabi/lib/thumb/v7e-m/nofp/libnosys.a
END GROUP
LOAD /opt/st/stm32cubeide_1.7.0/plugins/com.st.stm32cube.ide.mcu.externaltools.gnu-tools-for-stm32.9-2020-q2-update.linux64_2.0.0.202105311346/tools/bin/../lib/gcc/arm-none-eabi/9.3.1/thumb/v7e-m/nofp/crtend.o
LOAD /opt/st/stm32cubeide_1.7.0/plugins/com.st.stm32cube.ide.mcu.externaltools.gnu-tools-for-stm32.9-2020-q2-update.linux64_2.0.0.202105311346/tools/bin/../lib/gcc/arm-none-eabi/9.3.1/thumb/v7e-m/nofp/crtn.o
                0x0000000020020000                _estack = (ORIGIN (RAM) + LENGTH (RAM))
                0x0000000000000200                _Min_Heap_Size = 0x200
                0x0000000000000400                _Min_Stack_Size = 0x400

.isr_vector     0x0000000008000000      0x198
                0x0000000008000000                . = ALIGN (0x4)
 *(.isr_vector)
 .isr_vector    0x0000000008000000      0x198 ./Startup/startup_stm32f411retx.o
                0x0000000008000000                g_pfnVectors
                0x0000000008000198                . = ALIGN (0x4)

.text           0x00000000080001a0     0x7d68
                0x00000000080001a0                . = ALIGN (0x4)
 *(.text)
 .text          0x00000000080001a0       0x40 /opt/st/stm32cubeide_1.7.0/plugins/com.st.stm32cube.ide.mcu.externaltools.gnu-tools-for-stm32.9-2020-q2-update.linux64_2.0.0.202105311346/tools/bin/../lib/gcc/arm-none-eabi/9.3.1/thumb/v7e-m/nofp/crtbegin.o
 .text          0x00000000080001e0       0x10 /opt/st/stm32cubeide_1.7.0/plugins/com.st.stm32cube.ide.mcu.externaltools.gnu-tools-for-stm32.9-2020-q2-update.linux64_2.0.0.202105311346/tools/bin/../lib/gcc/arm-none-eabi/9.3.1/../../../../arm-none-eabi/lib/thumb/v7e-m/nofp/libc_nano.a(lib_a-strlen.o)
                0x00000000080001e0                strlen
 .text          0x00000000080001f0       0xa0 /opt/st/stm32cubeide_1.7.0/plugins/com.st.stm32cube.ide.mcu.externaltools.gnu-tools-for-stm32.9-2020-q2-update.linux64_2.0.0.202105311346/tools/bin/../lib/gcc/arm-none-eabi/9.3.1/../../../../arm-none-eabi/lib/thumb/v7e-m/nofp/libc_nano.a(lib_a-memchr.o)
                0x00000000080001f0                memchr
 .text          0x0000000008000290      0x378 /opt/st/stm32cubeide_1.7.0/plugins/com.st.stm32cube.ide.mcu.externaltools.gnu-tools-for-stm32.9-2020-q2-update.linux64_2.0.0.202105311346/tools/bin/../lib/gcc/arm-none-eabi/9.3.1/thumb/v7e-m/nofp/libgcc.a(_arm_addsubdf3.o)
                0x0000000008000290                __aeabi_drsub
                0x0000000008000298                __aeabi_dsub
                0x0000000008000298                __subdf3
                0x000000000800029c                __adddf3
                0x000000000800029c                __aeabi_dadd
                0x0000000008000514                __aeabi_ui2d
                0x0000000008000514                __floatunsidf
                0x0000000008000534                __floatsidf
                0x0000000008000534                __aeabi_i2d
                0x0000000008000558                __extendsfdf2
                0x0000000008000558                __aeabi_f2d
                0x000000000800059c                __aeabi_ul2d
                0x000000000800059c                __floatundidf
                0x00000000080005ac                __floatdidf
                0x00000000080005ac                __aeabi_l2d
 .text          0x0000000008000608      0x424 /opt/st/stm32cubeide_1.7.0/plugins/com.st.stm32cube.ide.mcu.externaltools.gnu-tools-for-stm32.9-2020-q2-update.linux64_2.0.0.202105311346/tools/bin/../lib/gcc/arm-none-eabi/9.3.1/thumb/v7e-m/nofp/libgcc.a(_arm_muldivdf3.o)
                0x0000000008000608                __aeabi_dmul
                0x0000000008000608                __muldf3
                0x000000000800085c                __aeabi_ddiv
                0x000000000800085c                __divdf3
 .text          0x0000000008000a2c      0x110 /opt/st/stm32cubeide_1.7.0/plugins/com.st.stm32cube.ide.mcu.externaltools.gnu-tools-for-stm32.9-2020-q2-update.linux64_2.0.0.202105311346/tools/bin/../lib/gcc/arm-none-eabi/9.3.1/thumb/v7e-m/nofp/libgcc.a(_arm_cmpdf2.o)
                0x0000000008000a2c                __gtdf2
                0x0000000008000a2c                __gedf2
                0x0000000008000a34                __ltdf2
                0x0000000008000a34                __ledf2
                0x0000000008000a3c                __cmpdf2
                0x0000000008000a3c                __eqdf2
                0x0000000008000a3c                __nedf2
                0x0000000008000ab8                __aeabi_cdrcmple
                0x0000000008000ac8                __aeabi_cdcmple
                0x0000000008000ac8                __aeabi_cdcmpeq
                0x0000000008000ad8                __aeabi_dcmpeq
                0x0000000008000aec                __aeabi_dcmplt
                0x0000000008000b00                __aeabi_dcmple
                0x0000000008000b14                __aeabi_dcmpge
                0x0000000008000b28                __aeabi_dcmpgt
 .text          0x0000000008000b3c       0x2c /opt/st/stm32cubeide_1.7.0/plugins/com.st.stm32cube.ide.mcu.externaltools.gnu-tools-for-stm32.9-2020-q2-update.linux64_2.0.0.202105311346/tools/bin/../lib/gcc/arm-none-eabi/9.3.1/thumb/v7e-m/nofp/libgcc.a(_arm_unorddf2.o)
                0x0000000008000b3c                __aeabi_dcmpun
                0x0000000008000b3c                __unorddf2
 .text          0x0000000008000b68       0x50 /opt/st/stm32cubeide_1.7.0/plugins/com.st.stm32cube.ide.mcu.externaltools.gnu-tools-for-stm32.9-2020-q2-update.linux64_2.0.0.202105311346/tools/bin/../lib/gcc/arm-none-eabi/9.3.1/thumb/v7e-m/nofp/libgcc.a(_arm_fixdfsi.o)
                0x0000000008000b68                __fixdfsi
                0x0000000008000b68                __aeabi_d2iz
 .text          0x0000000008000bb8       0x40 /opt/st/stm32cubeide_1.7.0/plugins/com.st.stm32cube.ide.mcu.externaltools.gnu-tools-for-stm32.9-2020-q2-update.linux64_2.0.0.202105311346/tools/bin/../lib/gcc/arm-none-eabi/9.3.1/thumb/v7e-m/nofp/libgcc.a(_arm_fixunsdfsi.o)
                0x0000000008000bb8                __fixunsdfsi
                0x0000000008000bb8                __aeabi_d2uiz
 .text          0x0000000008000bf8       0xa0 /opt/st/stm32cubeide_1.7.0/plugins/com.st.stm32cube.ide.mcu.externaltools.gnu-tools-for-stm32.9-2020-q2-update.linux64_2.0.0.202105311346/tools/bin/../lib/gcc/arm-none-eabi/9.3.1/thumb/v7e-m/nofp/libgcc.a(_arm_truncdfsf2.o)
                0x0000000008000bf8                __aeabi_d2f
                0x0000000008000bf8                __truncdfsf2
 .text          0x0000000008000c98       0x30 /opt/st/stm32cubeide_1.7.0/plugins/com.st.stm32cube.ide.mcu.externaltools.gnu-tools-for-stm32.9-2020-q2-update.linux64_2.0.0.202105311346/tools/bin/../lib/gcc/arm-none-eabi/9.3.1/thumb/v7e-m/nofp/libgcc.a(_aeabi_uldivmod.o)
                0x0000000008000c98                __aeabi_uldivmod
 .text          0x0000000008000cc8       0x34 /opt/st/stm32cubeide_1.7.0/plugins/com.st.stm32cube.ide.mcu.externaltools.gnu-tools-for-stm32.9-2020-q2-update.linux64_2.0.0.202105311346/tools/bin/../lib/gcc/arm-none-eabi/9.3.1/thumb/v7e-m/nofp/libgcc.a(_fixdfdi.o)
                0x0000000008000cc8                __aeabi_d2lz
                0x0000000008000cc8                __fixdfdi
 .text          0x0000000008000cfc       0x3c /opt/st/stm32cubeide_1.7.0/plugins/com.st.stm32cube.ide.mcu.externaltools.gnu-tools-for-stm32.9-2020-q2-update.linux64_2.0.0.202105311346/tools/bin/../lib/gcc/arm-none-eabi/9.3.1/thumb/v7e-m/nofp/libgcc.a(_fixunsdfdi.o)
                0x0000000008000cfc                __aeabi_d2ulz
                0x0000000008000cfc                __fixunsdfdi
 .text          0x0000000008000d38      0x2c0 /opt/st/stm32cubeide_1.7.0/plugins/com.st.stm32cube.ide.mcu.externaltools.gnu-tools-for-stm32.9-2020-q2-update.linux64_2.0.0.202105311346/tools/bin/../lib/gcc/arm-none-eabi/9.3.1/thumb/v7e-m/nofp/libgcc.a(_udivmoddi4.o)
                0x0000000008000d38                __udivmoddi4
 .text          0x0000000008000ff8        0x4 /opt/st/stm32cubeide_1.7.0/plugins/com.st.stm32cube.ide.mcu.externaltools.gnu-tools-for-stm32.9-2020-q2-update.linux64_2.0.0.202105311346/tools/bin/../lib/gcc/arm-none-eabi/9.3.1/thumb/v7e-m/nofp/libgcc.a(_dvmd_tls.o)
                0x0000000008000ff8                __aeabi_ldiv0
                0x0000000008000ff8                __aeabi_idiv0
 *(.text*)
 .text.main     0x0000000008000ffc      0x288 ./Src/main.o
                0x0000000008000ffc                main
 .text.initSystem
                0x0000000008001284       0x1c ./Src/main.o
                0x0000000008001284                initSystem
 .text.usart2Rx_Callback
                0x00000000080012a0       0x18 ./Src/main.o
                0x00000000080012a0                usart2Rx_Callback
 .text.CaptureTimer4_Channel3_Callback
                0x00000000080012b8       0x18 ./Src/main.o
                0x00000000080012b8                CaptureTimer4_Channel3_Callback
 .text.CaptureTimer4_Channel1_Callback
                0x00000000080012d0       0x18 ./Src/main.o
                0x00000000080012d0                CaptureTimer4_Channel1_Callback
 .text.BasicTimer5_Callback
                0x00000000080012e8       0x3c ./Src/main.o
                0x00000000080012e8                BasicTimer5_Callback
 .text.delay_ms
                0x0000000008001324       0x4c ./Src/main.o
                0x0000000008001324                delay_ms
 .text.LEDState
                0x0000000008001370       0x44 ./Src/main.o
                0x0000000008001370                LEDState
 .text.HCSR04_Configuration
                0x00000000080013b4      0x130 ./Src/main.o
                0x00000000080013b4                HCSR04_Configuration
 .text.Serial_Configuration
                0x00000000080014e4       0xac ./Src/main.o
                0x00000000080014e4                Serial_Configuration
 .text.SPI_Configuration
                0x0000000008001590      0x26c ./Src/main.o
                0x0000000008001590                SPI_Configuration
 .text.timerDelay_Configuration
                0x00000000080017fc       0x30 ./Src/main.o
                0x00000000080017fc                timerDelay_Configuration
 .text.getCounterDelay
                0x000000000800182c       0x14 ./Src/main.o
                0x000000000800182c                getCounterDelay
 .text.MatrixLed_writeData
                0x0000000008001840       0x58 ./Src/main.o
                0x0000000008001840                MatrixLed_writeData
 .text.initFrame
                0x0000000008001898       0x48 ./Src/main.o
                0x0000000008001898                initFrame
 .text.eyesLeft
                0x00000000080018e0       0x48 ./Src/main.o
                0x00000000080018e0                eyesLeft
 .text.eyesRight
                0x0000000008001928       0x48 ./Src/main.o
                0x0000000008001928                eyesRight
 .text.eyesClose
                0x0000000008001970       0x48 ./Src/main.o
                0x0000000008001970                eyesClose
 .text._getpid  0x00000000080019b8        0xe ./Src/syscalls.o
                0x00000000080019b8                _getpid
 .text._kill    0x00000000080019c6       0x20 ./Src/syscalls.o
                0x00000000080019c6                _kill
 .text._exit    0x00000000080019e6       0x14 ./Src/syscalls.o
                0x00000000080019e6                _exit
 .text._read    0x00000000080019fa       0x3a ./Src/syscalls.o
                0x00000000080019fa                _read
 .text._write   0x0000000008001a34       0x38 ./Src/syscalls.o
                0x0000000008001a34                _write
 .text._close   0x0000000008001a6c       0x16 ./Src/syscalls.o
                0x0000000008001a6c                _close
 .text._fstat   0x0000000008001a82       0x1e ./Src/syscalls.o
                0x0000000008001a82                _fstat
 .text._isatty  0x0000000008001aa0       0x14 ./Src/syscalls.o
                0x0000000008001aa0                _isatty
 .text._lseek   0x0000000008001ab4       0x18 ./Src/syscalls.o
                0x0000000008001ab4                _lseek
 .text._sbrk    0x0000000008001acc       0x6c ./Src/sysmem.o
                0x0000000008001acc                _sbrk
 .text.Reset_Handler
                0x0000000008001b38       0x50 ./Startup/startup_stm32f411retx.o
                0x0000000008001b38                Reset_Handler
 .text.Default_Handler
                0x0000000008001b88        0x2 ./Startup/startup_stm32f411retx.o
                0x0000000008001b88                RTC_Alarm_IRQHandler
                0x0000000008001b88                EXTI2_IRQHandler
                0x0000000008001b88                DebugMon_Handler
                0x0000000008001b88                SPI4_IRQHandler
                0x0000000008001b88                TIM1_CC_IRQHandler
                0x0000000008001b88                DMA2_Stream5_IRQHandler
                0x0000000008001b88                HardFault_Handler
                0x0000000008001b88                DMA1_Stream5_IRQHandler
                0x0000000008001b88                SysTick_Handler
                0x0000000008001b88                PVD_IRQHandler
                0x0000000008001b88                SDIO_IRQHandler
                0x0000000008001b88                TAMP_STAMP_IRQHandler
                0x0000000008001b88                PendSV_Handler
                0x0000000008001b88                NMI_Handler
                0x0000000008001b88                EXTI3_IRQHandler
                0x0000000008001b88                TIM1_UP_TIM10_IRQHandler
                0x0000000008001b88                I2C3_ER_IRQHandler
                0x0000000008001b88                EXTI0_IRQHandler
                0x0000000008001b88                I2C2_EV_IRQHandler
                0x0000000008001b88                DMA1_Stream2_IRQHandler
                0x0000000008001b88                FPU_IRQHandler
                0x0000000008001b88                UsageFault_Handler
                0x0000000008001b88                DMA2_Stream2_IRQHandler
                0x0000000008001b88                SPI1_IRQHandler
                0x0000000008001b88                TIM1_BRK_TIM9_IRQHandler
                0x0000000008001b88                DMA2_Stream3_IRQHandler
                0x0000000008001b88                DMA2_Stream0_IRQHandler
                0x0000000008001b88                I2C1_EV_IRQHandler
                0x0000000008001b88                DMA1_Stream6_IRQHandler
                0x0000000008001b88                DMA1_Stream1_IRQHandler
                0x0000000008001b88                RCC_IRQHandler
                0x0000000008001b88                Default_Handler
                0x0000000008001b88                EXTI15_10_IRQHandler
                0x0000000008001b88                ADC_IRQHandler
                0x0000000008001b88                DMA1_Stream7_IRQHandler
                0x0000000008001b88                SPI5_IRQHandler
                0x0000000008001b88                DMA2_Stream7_IRQHandler
                0x0000000008001b88                I2C3_EV_IRQHandler
                0x0000000008001b88                EXTI9_5_IRQHandler
                0x0000000008001b88                RTC_WKUP_IRQHandler
                0x0000000008001b88                SPI2_IRQHandler
                0x0000000008001b88                MemManage_Handler
                0x0000000008001b88                DMA1_Stream0_IRQHandler
                0x0000000008001b88                SVC_Handler
                0x0000000008001b88                EXTI4_IRQHandler
                0x0000000008001b88                WWDG_IRQHandler
                0x0000000008001b88                OTG_FS_WKUP_IRQHandler
                0x0000000008001b88                TIM1_TRG_COM_TIM11_IRQHandler
                0x0000000008001b88                EXTI1_IRQHandler
                0x0000000008001b88                I2C2_ER_IRQHandler
                0x0000000008001b88                DMA2_Stream1_IRQHandler
                0x0000000008001b88                FLASH_IRQHandler
                0x0000000008001b88                DMA2_Stream4_IRQHandler
                0x0000000008001b88                BusFault_Handler
                0x0000000008001b88                USART1_IRQHandler
                0x0000000008001b88                OTG_FS_IRQHandler
                0x0000000008001b88                SPI3_IRQHandler
                0x0000000008001b88                DMA1_Stream4_IRQHandler
                0x0000000008001b88                I2C1_ER_IRQHandler
                0x0000000008001b88                DMA2_Stream6_IRQHandler
                0x0000000008001b88                DMA1_Stream3_IRQHandler
 *fill*         0x0000000008001b8a        0x2 
 .text.__NVIC_EnableIRQ
                0x0000000008001b8c       0x38 /home/rafaelach/Documents/GitHub/Proyectos_TallerV_rcasalins/PeripheralDrivers/Debug/libPeripheralDrivers.a(BasicTimer.o)
 .text.BasicTimer_Config
                0x0000000008001bc4      0x160 /home/rafaelach/Documents/GitHub/Proyectos_TallerV_rcasalins/PeripheralDrivers/Debug/libPeripheralDrivers.a(BasicTimer.o)
                0x0000000008001bc4                BasicTimer_Config
 .text.BasicTimer2_Callback
                0x0000000008001d24        0xe /home/rafaelach/Documents/GitHub/Proyectos_TallerV_rcasalins/PeripheralDrivers/Debug/libPeripheralDrivers.a(BasicTimer.o)
                0x0000000008001d24                BasicTimer2_Callback
 .text.BasicTimer3_Callback
                0x0000000008001d32        0xe /home/rafaelach/Documents/GitHub/Proyectos_TallerV_rcasalins/PeripheralDrivers/Debug/libPeripheralDrivers.a(BasicTimer.o)
                0x0000000008001d32                BasicTimer3_Callback
 .text.BasicTimer4_Callback
                0x0000000008001d40        0xe /home/rafaelach/Documents/GitHub/Proyectos_TallerV_rcasalins/PeripheralDrivers/Debug/libPeripheralDrivers.a(BasicTimer.o)
                0x0000000008001d40                BasicTimer4_Callback
 .text.TIM2_IRQHandler
                0x0000000008001d4e       0xb8 /home/rafaelach/Documents/GitHub/Proyectos_TallerV_rcasalins/PeripheralDrivers/Debug/libPeripheralDrivers.a(BasicTimer.o)
                0x0000000008001d4e                TIM2_IRQHandler
 *fill*         0x0000000008001e06        0x2 
 .text.TIM3_IRQHandler
                0x0000000008001e08       0xa0 /home/rafaelach/Documents/GitHub/Proyectos_TallerV_rcasalins/PeripheralDrivers/Debug/libPeripheralDrivers.a(BasicTimer.o)
                0x0000000008001e08                TIM3_IRQHandler
 .text.TIM4_IRQHandler
                0x0000000008001ea8       0xa0 /home/rafaelach/Documents/GitHub/Proyectos_TallerV_rcasalins/PeripheralDrivers/Debug/libPeripheralDrivers.a(BasicTimer.o)
                0x0000000008001ea8                TIM4_IRQHandler
 .text.TIM5_IRQHandler
                0x0000000008001f48       0xa0 /home/rafaelach/Documents/GitHub/Proyectos_TallerV_rcasalins/PeripheralDrivers/Debug/libPeripheralDrivers.a(BasicTimer.o)
                0x0000000008001f48                TIM5_IRQHandler
 .text.__NVIC_EnableIRQ
                0x0000000008001fe8       0x38 /home/rafaelach/Documents/GitHub/Proyectos_TallerV_rcasalins/PeripheralDrivers/Debug/libPeripheralDrivers.a(CaptureFrecDriver.o)
 .text.capture_Config
                0x0000000008002020      0x418 /home/rafaelach/Documents/GitHub/Proyectos_TallerV_rcasalins/PeripheralDrivers/Debug/libPeripheralDrivers.a(CaptureFrecDriver.o)
                0x0000000008002020                capture_Config
 .text.getDutty
                0x0000000008002438      0x1f8 /home/rafaelach/Documents/GitHub/Proyectos_TallerV_rcasalins/PeripheralDrivers/Debug/libPeripheralDrivers.a(CaptureFrecDriver.o)
                0x0000000008002438                getDutty
 .text.getDutty_2
                0x0000000008002630       0xc8 /home/rafaelach/Documents/GitHub/Proyectos_TallerV_rcasalins/PeripheralDrivers/Debug/libPeripheralDrivers.a(CaptureFrecDriver.o)
                0x0000000008002630                getDutty_2
 .text.CaptureTimer2_Channel1_Callback
                0x00000000080026f8        0xe /home/rafaelach/Documents/GitHub/Proyectos_TallerV_rcasalins/PeripheralDrivers/Debug/libPeripheralDrivers.a(CaptureFrecDriver.o)
                0x00000000080026f8                CaptureTimer2_Channel1_Callback
 .text.CaptureTimer2_Channel2_Callback
                0x0000000008002706        0xe /home/rafaelach/Documents/GitHub/Proyectos_TallerV_rcasalins/PeripheralDrivers/Debug/libPeripheralDrivers.a(CaptureFrecDriver.o)
                0x0000000008002706                CaptureTimer2_Channel2_Callback
 .text.CaptureTimer2_Channel3_Callback
                0x0000000008002714        0xe /home/rafaelach/Documents/GitHub/Proyectos_TallerV_rcasalins/PeripheralDrivers/Debug/libPeripheralDrivers.a(CaptureFrecDriver.o)
                0x0000000008002714                CaptureTimer2_Channel3_Callback
 .text.CaptureTimer2_Channel4_Callback
                0x0000000008002722        0xe /home/rafaelach/Documents/GitHub/Proyectos_TallerV_rcasalins/PeripheralDrivers/Debug/libPeripheralDrivers.a(CaptureFrecDriver.o)
                0x0000000008002722                CaptureTimer2_Channel4_Callback
 .text.CaptureTimer3_Channel1_Callback
                0x0000000008002730        0xe /home/rafaelach/Documents/GitHub/Proyectos_TallerV_rcasalins/PeripheralDrivers/Debug/libPeripheralDrivers.a(CaptureFrecDriver.o)
                0x0000000008002730                CaptureTimer3_Channel1_Callback
 .text.CaptureTimer3_Channel2_Callback
                0x000000000800273e        0xe /home/rafaelach/Documents/GitHub/Proyectos_TallerV_rcasalins/PeripheralDrivers/Debug/libPeripheralDrivers.a(CaptureFrecDriver.o)
                0x000000000800273e                CaptureTimer3_Channel2_Callback
 .text.CaptureTimer3_Channel3_Callback
                0x000000000800274c        0xe /home/rafaelach/Documents/GitHub/Proyectos_TallerV_rcasalins/PeripheralDrivers/Debug/libPeripheralDrivers.a(CaptureFrecDriver.o)
                0x000000000800274c                CaptureTimer3_Channel3_Callback
 .text.CaptureTimer3_Channel4_Callback
                0x000000000800275a        0xe /home/rafaelach/Documents/GitHub/Proyectos_TallerV_rcasalins/PeripheralDrivers/Debug/libPeripheralDrivers.a(CaptureFrecDriver.o)
                0x000000000800275a                CaptureTimer3_Channel4_Callback
 .text.CaptureTimer4_Channel2_Callback
                0x0000000008002768        0xe /home/rafaelach/Documents/GitHub/Proyectos_TallerV_rcasalins/PeripheralDrivers/Debug/libPeripheralDrivers.a(CaptureFrecDriver.o)
                0x0000000008002768                CaptureTimer4_Channel2_Callback
 .text.CaptureTimer4_Channel4_Callback
                0x0000000008002776        0xe /home/rafaelach/Documents/GitHub/Proyectos_TallerV_rcasalins/PeripheralDrivers/Debug/libPeripheralDrivers.a(CaptureFrecDriver.o)
                0x0000000008002776                CaptureTimer4_Channel4_Callback
 .text.CaptureTimer5_Channel1_Callback
                0x0000000008002784        0xe /home/rafaelach/Documents/GitHub/Proyectos_TallerV_rcasalins/PeripheralDrivers/Debug/libPeripheralDrivers.a(CaptureFrecDriver.o)
                0x0000000008002784                CaptureTimer5_Channel1_Callback
 .text.CaptureTimer5_Channel2_Callback
                0x0000000008002792        0xe /home/rafaelach/Documents/GitHub/Proyectos_TallerV_rcasalins/PeripheralDrivers/Debug/libPeripheralDrivers.a(CaptureFrecDriver.o)
                0x0000000008002792                CaptureTimer5_Channel2_Callback
 .text.CaptureTimer5_Channel3_Callback
                0x00000000080027a0        0xe /home/rafaelach/Documents/GitHub/Proyectos_TallerV_rcasalins/PeripheralDrivers/Debug/libPeripheralDrivers.a(CaptureFrecDriver.o)
                0x00000000080027a0                CaptureTimer5_Channel3_Callback
 .text.CaptureTimer5_Channel4_Callback
                0x00000000080027ae        0xe /home/rafaelach/Documents/GitHub/Proyectos_TallerV_rcasalins/PeripheralDrivers/Debug/libPeripheralDrivers.a(CaptureFrecDriver.o)
                0x00000000080027ae                CaptureTimer5_Channel4_Callback
 .text.stopCapture
                0x00000000080027bc       0x74 /home/rafaelach/Documents/GitHub/Proyectos_TallerV_rcasalins/PeripheralDrivers/Debug/libPeripheralDrivers.a(CaptureFrecDriver.o)
                0x00000000080027bc                stopCapture
 .text.startCapture
                0x0000000008002830       0x74 /home/rafaelach/Documents/GitHub/Proyectos_TallerV_rcasalins/PeripheralDrivers/Debug/libPeripheralDrivers.a(CaptureFrecDriver.o)
                0x0000000008002830                startCapture
 .text.GPIO_Config
                0x00000000080028a4      0x250 /home/rafaelach/Documents/GitHub/Proyectos_TallerV_rcasalins/PeripheralDrivers/Debug/libPeripheralDrivers.a(GPIOxDriver.o)
                0x00000000080028a4                GPIO_Config
 .text.GPIO_WritePin
                0x0000000008002af4       0x54 /home/rafaelach/Documents/GitHub/Proyectos_TallerV_rcasalins/PeripheralDrivers/Debug/libPeripheralDrivers.a(GPIOxDriver.o)
                0x0000000008002af4                GPIO_WritePin
 .text.GPIOxTooglePin
                0x0000000008002b48       0x2c /home/rafaelach/Documents/GitHub/Proyectos_TallerV_rcasalins/PeripheralDrivers/Debug/libPeripheralDrivers.a(GPIOxDriver.o)
                0x0000000008002b48                GPIOxTooglePin
 .text.pwm_Config
                0x0000000008002b74      0x278 /home/rafaelach/Documents/GitHub/Proyectos_TallerV_rcasalins/PeripheralDrivers/Debug/libPeripheralDrivers.a(PwmDriver.o)
                0x0000000008002b74                pwm_Config
 .text.startPwmSignal
                0x0000000008002dec       0x22 /home/rafaelach/Documents/GitHub/Proyectos_TallerV_rcasalins/PeripheralDrivers/Debug/libPeripheralDrivers.a(PwmDriver.o)
                0x0000000008002dec                startPwmSignal
 *fill*         0x0000000008002e0e        0x2 
 .text.enableOutput
                0x0000000008002e10       0x7c /home/rafaelach/Documents/GitHub/Proyectos_TallerV_rcasalins/PeripheralDrivers/Debug/libPeripheralDrivers.a(PwmDriver.o)
                0x0000000008002e10                enableOutput
 .text.setFrequency
                0x0000000008002e8c       0x30 /home/rafaelach/Documents/GitHub/Proyectos_TallerV_rcasalins/PeripheralDrivers/Debug/libPeripheralDrivers.a(PwmDriver.o)
                0x0000000008002e8c                setFrequency
 .text.setDuttyCycle
                0x0000000008002ebc       0x6c /home/rafaelach/Documents/GitHub/Proyectos_TallerV_rcasalins/PeripheralDrivers/Debug/libPeripheralDrivers.a(PwmDriver.o)
                0x0000000008002ebc                setDuttyCycle
 .text.spi_config
                0x0000000008002f28      0x1d8 /home/rafaelach/Documents/GitHub/Proyectos_TallerV_rcasalins/PeripheralDrivers/Debug/libPeripheralDrivers.a(SpiDriver.o)
                0x0000000008002f28                spi_config
 .text.spi_transmit
                0x0000000008003100       0x72 /home/rafaelach/Documents/GitHub/Proyectos_TallerV_rcasalins/PeripheralDrivers/Debug/libPeripheralDrivers.a(SpiDriver.o)
                0x0000000008003100                spi_transmit
 .text.spi_selectSlave
                0x0000000008003172       0x1c /home/rafaelach/Documents/GitHub/Proyectos_TallerV_rcasalins/PeripheralDrivers/Debug/libPeripheralDrivers.a(SpiDriver.o)
                0x0000000008003172                spi_selectSlave
 .text.spi_unSelectSlave
                0x000000000800318e       0x1c /home/rafaelach/Documents/GitHub/Proyectos_TallerV_rcasalins/PeripheralDrivers/Debug/libPeripheralDrivers.a(SpiDriver.o)
                0x000000000800318e                spi_unSelectSlave
 *fill*         0x00000000080031aa        0x2 
 .text.__NVIC_EnableIRQ
                0x00000000080031ac       0x38 /home/rafaelach/Documents/GitHub/Proyectos_TallerV_rcasalins/PeripheralDrivers/Debug/libPeripheralDrivers.a(USARTxDriver.o)
 .text.USART_Config
                0x00000000080031e4      0x3d4 /home/rafaelach/Documents/GitHub/Proyectos_TallerV_rcasalins/PeripheralDrivers/Debug/libPeripheralDrivers.a(USARTxDriver.o)
                0x00000000080031e4                USART_Config
 .text.usart6Rx_Callback
                0x00000000080035b8        0xe /home/rafaelach/Documents/GitHub/Proyectos_TallerV_rcasalins/PeripheralDrivers/Debug/libPeripheralDrivers.a(USARTxDriver.o)
                0x00000000080035b8                usart6Rx_Callback
 .text.writeChar
                0x00000000080035c6       0x32 /home/rafaelach/Documents/GitHub/Proyectos_TallerV_rcasalins/PeripheralDrivers/Debug/libPeripheralDrivers.a(USARTxDriver.o)
                0x00000000080035c6                writeChar
 .text.writeMsg
                0x00000000080035f8       0x30 /home/rafaelach/Documents/GitHub/Proyectos_TallerV_rcasalins/PeripheralDrivers/Debug/libPeripheralDrivers.a(USARTxDriver.o)
                0x00000000080035f8                writeMsg
 .text.getRxData
                0x0000000008003628       0x14 /home/rafaelach/Documents/GitHub/Proyectos_TallerV_rcasalins/PeripheralDrivers/Debug/libPeripheralDrivers.a(USARTxDriver.o)
                0x0000000008003628                getRxData
 .text.USART2_IRQHandler
                0x000000000800363c       0x38 /home/rafaelach/Documents/GitHub/Proyectos_TallerV_rcasalins/PeripheralDrivers/Debug/libPeripheralDrivers.a(USARTxDriver.o)
                0x000000000800363c                USART2_IRQHandler
 .text.USART6_IRQHandler
                0x0000000008003674       0x38 /home/rafaelach/Documents/GitHub/Proyectos_TallerV_rcasalins/PeripheralDrivers/Debug/libPeripheralDrivers.a(USARTxDriver.o)
                0x0000000008003674                USART6_IRQHandler
 .text.__errno  0x00000000080036ac        0xc /opt/st/stm32cubeide_1.7.0/plugins/com.st.stm32cube.ide.mcu.externaltools.gnu-tools-for-stm32.9-2020-q2-update.linux64_2.0.0.202105311346/tools/bin/../lib/gcc/arm-none-eabi/9.3.1/../../../../arm-none-eabi/lib/thumb/v7e-m/nofp/libc_nano.a(lib_a-errno.o)
                0x00000000080036ac                __errno
 .text.__libc_init_array
                0x00000000080036b8       0x48 /opt/st/stm32cubeide_1.7.0/plugins/com.st.stm32cube.ide.mcu.externaltools.gnu-tools-for-stm32.9-2020-q2-update.linux64_2.0.0.202105311346/tools/bin/../lib/gcc/arm-none-eabi/9.3.1/../../../../arm-none-eabi/lib/thumb/v7e-m/nofp/libc_nano.a(lib_a-init.o)
                0x00000000080036b8                __libc_init_array
 .text.memset   0x0000000008003700       0x10 /opt/st/stm32cubeide_1.7.0/plugins/com.st.stm32cube.ide.mcu.externaltools.gnu-tools-for-stm32.9-2020-q2-update.linux64_2.0.0.202105311346/tools/bin/../lib/gcc/arm-none-eabi/9.3.1/../../../../arm-none-eabi/lib/thumb/v7e-m/nofp/libc_nano.a(lib_a-memset.o)
                0x0000000008003700                memset
 .text.__cvt    0x0000000008003710       0xc0 /opt/st/stm32cubeide_1.7.0/plugins/com.st.stm32cube.ide.mcu.externaltools.gnu-tools-for-stm32.9-2020-q2-update.linux64_2.0.0.202105311346/tools/bin/../lib/gcc/arm-none-eabi/9.3.1/../../../../arm-none-eabi/lib/thumb/v7e-m/nofp/libc_nano.a(lib_a-nano-vfprintf_float.o)
                0x0000000008003710                __cvt
 .text.__exponent
                0x00000000080037d0       0x7c /opt/st/stm32cubeide_1.7.0/plugins/com.st.stm32cube.ide.mcu.externaltools.gnu-tools-for-stm32.9-2020-q2-update.linux64_2.0.0.202105311346/tools/bin/../lib/gcc/arm-none-eabi/9.3.1/../../../../arm-none-eabi/lib/thumb/v7e-m/nofp/libc_nano.a(lib_a-nano-vfprintf_float.o)
                0x00000000080037d0                __exponent
 .text._printf_float
                0x000000000800384c      0x454 /opt/st/stm32cubeide_1.7.0/plugins/com.st.stm32cube.ide.mcu.externaltools.gnu-tools-for-stm32.9-2020-q2-update.linux64_2.0.0.202105311346/tools/bin/../lib/gcc/arm-none-eabi/9.3.1/../../../../arm-none-eabi/lib/thumb/v7e-m/nofp/libc_nano.a(lib_a-nano-vfprintf_float.o)
                0x000000000800384c                _printf_float
 .text._printf_common
                0x0000000008003ca0       0xda /opt/st/stm32cubeide_1.7.0/plugins/com.st.stm32cube.ide.mcu.externaltools.gnu-tools-for-stm32.9-2020-q2-update.linux64_2.0.0.202105311346/tools/bin/../lib/gcc/arm-none-eabi/9.3.1/../../../../arm-none-eabi/lib/thumb/v7e-m/nofp/libc_nano.a(lib_a-nano-vfprintf_i.o)
                0x0000000008003ca0                _printf_common
 *fill*         0x0000000008003d7a        0x2 
 .text._printf_i
                0x0000000008003d7c      0x24c /opt/st/stm32cubeide_1.7.0/plugins/com.st.stm32cube.ide.mcu.externaltools.gnu-tools-for-stm32.9-2020-q2-update.linux64_2.0.0.202105311346/tools/bin/../lib/gcc/arm-none-eabi/9.3.1/../../../../arm-none-eabi/lib/thumb/v7e-m/nofp/libc_nano.a(lib_a-nano-vfprintf_i.o)
                0x0000000008003d7c                _printf_i
 .text._scanf_float
                0x0000000008003fc8      0x420 /opt/st/stm32cubeide_1.7.0/plugins/com.st.stm32cube.ide.mcu.externaltools.gnu-tools-for-stm32.9-2020-q2-update.linux64_2.0.0.202105311346/tools/bin/../lib/gcc/arm-none-eabi/9.3.1/../../../../arm-none-eabi/lib/thumb/v7e-m/nofp/libc_nano.a(lib_a-nano-vfscanf_float.o)
                0x0000000008003fc8                _scanf_float
 .text.nanf     0x00000000080043e8        0x8 /opt/st/stm32cubeide_1.7.0/plugins/com.st.stm32cube.ide.mcu.externaltools.gnu-tools-for-stm32.9-2020-q2-update.linux64_2.0.0.202105311346/tools/bin/../lib/gcc/arm-none-eabi/9.3.1/../../../../arm-none-eabi/lib/thumb/v7e-m/nofp/libc_nano.a(lib_a-sf_nan.o)
                0x00000000080043e8                nanf
 .text.sprintf  0x00000000080043f0       0x40 /opt/st/stm32cubeide_1.7.0/plugins/com.st.stm32cube.ide.mcu.externaltools.gnu-tools-for-stm32.9-2020-q2-update.linux64_2.0.0.202105311346/tools/bin/../lib/gcc/arm-none-eabi/9.3.1/../../../../arm-none-eabi/lib/thumb/v7e-m/nofp/libc_nano.a(lib_a-sprintf.o)
                0x00000000080043f0                sprintf
                0x00000000080043f0                siprintf
 .text.sulp     0x0000000008004430       0x42 /opt/st/stm32cubeide_1.7.0/plugins/com.st.stm32cube.ide.mcu.externaltools.gnu-tools-for-stm32.9-2020-q2-update.linux64_2.0.0.202105311346/tools/bin/../lib/gcc/arm-none-eabi/9.3.1/../../../../arm-none-eabi/lib/thumb/v7e-m/nofp/libc_nano.a(lib_a-strtod.o)
 *fill*         0x0000000008004472        0x6 
 .text._strtod_l
                0x0000000008004478      0xbe8 /opt/st/stm32cubeide_1.7.0/plugins/com.st.stm32cube.ide.mcu.externaltools.gnu-tools-for-stm32.9-2020-q2-update.linux64_2.0.0.202105311346/tools/bin/../lib/gcc/arm-none-eabi/9.3.1/../../../../arm-none-eabi/lib/thumb/v7e-m/nofp/libc_nano.a(lib_a-strtod.o)
                0x0000000008004478                _strtod_l
 .text._strtod_r
                0x0000000008005060        0xc /opt/st/stm32cubeide_1.7.0/plugins/com.st.stm32cube.ide.mcu.externaltools.gnu-tools-for-stm32.9-2020-q2-update.linux64_2.0.0.202105311346/tools/bin/../lib/gcc/arm-none-eabi/9.3.1/../../../../arm-none-eabi/lib/thumb/v7e-m/nofp/libc_nano.a(lib_a-strtod.o)
                0x0000000008005060                _strtod_r
 .text._strtol_l.isra.0
                0x000000000800506c      0x10c /opt/st/stm32cubeide_1.7.0/plugins/com.st.stm32cube.ide.mcu.externaltools.gnu-tools-for-stm32.9-2020-q2-update.linux64_2.0.0.202105311346/tools/bin/../lib/gcc/arm-none-eabi/9.3.1/../../../../arm-none-eabi/lib/thumb/v7e-m/nofp/libc_nano.a(lib_a-strtol.o)
 .text._strtol_r
                0x0000000008005178        0x4 /opt/st/stm32cubeide_1.7.0/plugins/com.st.stm32cube.ide.mcu.externaltools.gnu-tools-for-stm32.9-2020-q2-update.linux64_2.0.0.202105311346/tools/bin/../lib/gcc/arm-none-eabi/9.3.1/../../../../arm-none-eabi/lib/thumb/v7e-m/nofp/libc_nano.a(lib_a-strtol.o)
                0x0000000008005178                _strtol_r
 .text.quorem   0x000000000800517c      0x116 /opt/st/stm32cubeide_1.7.0/plugins/com.st.stm32cube.ide.mcu.externaltools.gnu-tools-for-stm32.9-2020-q2-update.linux64_2.0.0.202105311346/tools/bin/../lib/gcc/arm-none-eabi/9.3.1/../../../../arm-none-eabi/lib/thumb/v7e-m/nofp/libc_nano.a(lib_a-dtoa.o)
 *fill*         0x0000000008005292        0x6 
 .text._dtoa_r  0x0000000008005298      0xbdc /opt/st/stm32cubeide_1.7.0/plugins/com.st.stm32cube.ide.mcu.externaltools.gnu-tools-for-stm32.9-2020-q2-update.linux64_2.0.0.202105311346/tools/bin/../lib/gcc/arm-none-eabi/9.3.1/../../../../arm-none-eabi/lib/thumb/v7e-m/nofp/libc_nano.a(lib_a-dtoa.o)
                0x0000000008005298                _dtoa_r
 .text.rshift   0x0000000008005e74       0xa4 /opt/st/stm32cubeide_1.7.0/plugins/com.st.stm32cube.ide.mcu.externaltools.gnu-tools-for-stm32.9-2020-q2-update.linux64_2.0.0.202105311346/tools/bin/../lib/gcc/arm-none-eabi/9.3.1/../../../../arm-none-eabi/lib/thumb/v7e-m/nofp/libc_nano.a(lib_a-gdtoa-gethex.o)
 .text.__hexdig_fun
                0x0000000008005f18       0x2a /opt/st/stm32cubeide_1.7.0/plugins/com.st.stm32cube.ide.mcu.externaltools.gnu-tools-for-stm32.9-2020-q2-update.linux64_2.0.0.202105311346/tools/bin/../lib/gcc/arm-none-eabi/9.3.1/../../../../arm-none-eabi/lib/thumb/v7e-m/nofp/libc_nano.a(lib_a-gdtoa-gethex.o)
                0x0000000008005f18                __hexdig_fun
 *fill*         0x0000000008005f42        0x2 
 .text.__gethex
                0x0000000008005f44      0x474 /opt/st/stm32cubeide_1.7.0/plugins/com.st.stm32cube.ide.mcu.externaltools.gnu-tools-for-stm32.9-2020-q2-update.linux64_2.0.0.202105311346/tools/bin/../lib/gcc/arm-none-eabi/9.3.1/../../../../arm-none-eabi/lib/thumb/v7e-m/nofp/libc_nano.a(lib_a-gdtoa-gethex.o)
                0x0000000008005f44                __gethex
 .text.L_shift  0x00000000080063b8       0x24 /opt/st/stm32cubeide_1.7.0/plugins/com.st.stm32cube.ide.mcu.externaltools.gnu-tools-for-stm32.9-2020-q2-update.linux64_2.0.0.202105311346/tools/bin/../lib/gcc/arm-none-eabi/9.3.1/../../../../arm-none-eabi/lib/thumb/v7e-m/nofp/libc_nano.a(lib_a-gdtoa-hexnan.o)
 .text.__match  0x00000000080063dc       0x28 /opt/st/stm32cubeide_1.7.0/plugins/com.st.stm32cube.ide.mcu.externaltools.gnu-tools-for-stm32.9-2020-q2-update.linux64_2.0.0.202105311346/tools/bin/../lib/gcc/arm-none-eabi/9.3.1/../../../../arm-none-eabi/lib/thumb/v7e-m/nofp/libc_nano.a(lib_a-gdtoa-hexnan.o)
                0x00000000080063dc                __match
 .text.__hexnan
                0x0000000008006404      0x138 /opt/st/stm32cubeide_1.7.0/plugins/com.st.stm32cube.ide.mcu.externaltools.gnu-tools-for-stm32.9-2020-q2-update.linux64_2.0.0.202105311346/tools/bin/../lib/gcc/arm-none-eabi/9.3.1/../../../../arm-none-eabi/lib/thumb/v7e-m/nofp/libc_nano.a(lib_a-gdtoa-hexnan.o)
                0x0000000008006404                __hexnan
 .text._localeconv_r
                0x000000000800653c        0x8 /opt/st/stm32cubeide_1.7.0/plugins/com.st.stm32cube.ide.mcu.externaltools.gnu-tools-for-stm32.9-2020-q2-update.linux64_2.0.0.202105311346/tools/bin/../lib/gcc/arm-none-eabi/9.3.1/../../../../arm-none-eabi/lib/thumb/v7e-m/nofp/libc_nano.a(lib_a-localeconv.o)
                0x000000000800653c                _localeconv_r
 .text.malloc   0x0000000008006544       0x10 /opt/st/stm32cubeide_1.7.0/plugins/com.st.stm32cube.ide.mcu.externaltools.gnu-tools-for-stm32.9-2020-q2-update.linux64_2.0.0.202105311346/tools/bin/../lib/gcc/arm-none-eabi/9.3.1/../../../../arm-none-eabi/lib/thumb/v7e-m/nofp/libc_nano.a(lib_a-malloc.o)
                0x0000000008006544                malloc
 .text.__ascii_mbtowc
                0x0000000008006554       0x24 /opt/st/stm32cubeide_1.7.0/plugins/com.st.stm32cube.ide.mcu.externaltools.gnu-tools-for-stm32.9-2020-q2-update.linux64_2.0.0.202105311346/tools/bin/../lib/gcc/arm-none-eabi/9.3.1/../../../../arm-none-eabi/lib/thumb/v7e-m/nofp/libc_nano.a(lib_a-mbtowc_r.o)
                0x0000000008006554                __ascii_mbtowc
 .text.memcpy   0x0000000008006578       0x1c /opt/st/stm32cubeide_1.7.0/plugins/com.st.stm32cube.ide.mcu.externaltools.gnu-tools-for-stm32.9-2020-q2-update.linux64_2.0.0.202105311346/tools/bin/../lib/gcc/arm-none-eabi/9.3.1/../../../../arm-none-eabi/lib/thumb/v7e-m/nofp/libc_nano.a(lib_a-memcpy-stub.o)
                0x0000000008006578                memcpy
 .text._Balloc  0x0000000008006594       0x80 /opt/st/stm32cubeide_1.7.0/plugins/com.st.stm32cube.ide.mcu.externaltools.gnu-tools-for-stm32.9-2020-q2-update.linux64_2.0.0.202105311346/tools/bin/../lib/gcc/arm-none-eabi/9.3.1/../../../../arm-none-eabi/lib/thumb/v7e-m/nofp/libc_nano.a(lib_a-mprec.o)
                0x0000000008006594                _Balloc
 .text._Bfree   0x0000000008006614       0x44 /opt/st/stm32cubeide_1.7.0/plugins/com.st.stm32cube.ide.mcu.externaltools.gnu-tools-for-stm32.9-2020-q2-update.linux64_2.0.0.202105311346/tools/bin/../lib/gcc/arm-none-eabi/9.3.1/../../../../arm-none-eabi/lib/thumb/v7e-m/nofp/libc_nano.a(lib_a-mprec.o)
                0x0000000008006614                _Bfree
 .text.__multadd
                0x0000000008006658       0x94 /opt/st/stm32cubeide_1.7.0/plugins/com.st.stm32cube.ide.mcu.externaltools.gnu-tools-for-stm32.9-2020-q2-update.linux64_2.0.0.202105311346/tools/bin/../lib/gcc/arm-none-eabi/9.3.1/../../../../arm-none-eabi/lib/thumb/v7e-m/nofp/libc_nano.a(lib_a-mprec.o)
                0x0000000008006658                __multadd
 .text.__s2b    0x00000000080066ec       0x94 /opt/st/stm32cubeide_1.7.0/plugins/com.st.stm32cube.ide.mcu.externaltools.gnu-tools-for-stm32.9-2020-q2-update.linux64_2.0.0.202105311346/tools/bin/../lib/gcc/arm-none-eabi/9.3.1/../../../../arm-none-eabi/lib/thumb/v7e-m/nofp/libc_nano.a(lib_a-mprec.o)
                0x00000000080066ec                __s2b
 .text.__hi0bits
                0x0000000008006780       0x40 /opt/st/stm32cubeide_1.7.0/plugins/com.st.stm32cube.ide.mcu.externaltools.gnu-tools-for-stm32.9-2020-q2-update.linux64_2.0.0.202105311346/tools/bin/../lib/gcc/arm-none-eabi/9.3.1/../../../../arm-none-eabi/lib/thumb/v7e-m/nofp/libc_nano.a(lib_a-mprec.o)
                0x0000000008006780                __hi0bits
 .text.__lo0bits
                0x00000000080067c0       0x5c /opt/st/stm32cubeide_1.7.0/plugins/com.st.stm32cube.ide.mcu.externaltools.gnu-tools-for-stm32.9-2020-q2-update.linux64_2.0.0.202105311346/tools/bin/../lib/gcc/arm-none-eabi/9.3.1/../../../../arm-none-eabi/lib/thumb/v7e-m/nofp/libc_nano.a(lib_a-mprec.o)
                0x00000000080067c0                __lo0bits
 .text.__i2b    0x000000000800681c       0x2c /opt/st/stm32cubeide_1.7.0/plugins/com.st.stm32cube.ide.mcu.externaltools.gnu-tools-for-stm32.9-2020-q2-update.linux64_2.0.0.202105311346/tools/bin/../lib/gcc/arm-none-eabi/9.3.1/../../../../arm-none-eabi/lib/thumb/v7e-m/nofp/libc_nano.a(lib_a-mprec.o)
                0x000000000800681c                __i2b
 .text.__multiply
                0x0000000008006848      0x14c /opt/st/stm32cubeide_1.7.0/plugins/com.st.stm32cube.ide.mcu.externaltools.gnu-tools-for-stm32.9-2020-q2-update.linux64_2.0.0.202105311346/tools/bin/../lib/gcc/arm-none-eabi/9.3.1/../../../../arm-none-eabi/lib/thumb/v7e-m/nofp/libc_nano.a(lib_a-mprec.o)
                0x0000000008006848                __multiply
 .text.__pow5mult
                0x0000000008006994       0xb4 /opt/st/stm32cubeide_1.7.0/plugins/com.st.stm32cube.ide.mcu.externaltools.gnu-tools-for-stm32.9-2020-q2-update.linux64_2.0.0.202105311346/tools/bin/../lib/gcc/arm-none-eabi/9.3.1/../../../../arm-none-eabi/lib/thumb/v7e-m/nofp/libc_nano.a(lib_a-mprec.o)
                0x0000000008006994                __pow5mult
 .text.__lshift
                0x0000000008006a48       0xd8 /opt/st/stm32cubeide_1.7.0/plugins/com.st.stm32cube.ide.mcu.externaltools.gnu-tools-for-stm32.9-2020-q2-update.linux64_2.0.0.202105311346/tools/bin/../lib/gcc/arm-none-eabi/9.3.1/../../../../arm-none-eabi/lib/thumb/v7e-m/nofp/libc_nano.a(lib_a-mprec.o)
                0x0000000008006a48                __lshift
 .text.__mcmp   0x0000000008006b20       0x36 /opt/st/stm32cubeide_1.7.0/plugins/com.st.stm32cube.ide.mcu.externaltools.gnu-tools-for-stm32.9-2020-q2-update.linux64_2.0.0.202105311346/tools/bin/../lib/gcc/arm-none-eabi/9.3.1/../../../../arm-none-eabi/lib/thumb/v7e-m/nofp/libc_nano.a(lib_a-mprec.o)
                0x0000000008006b20                __mcmp
 *fill*         0x0000000008006b56        0x2 
 .text.__mdiff  0x0000000008006b58      0x114 /opt/st/stm32cubeide_1.7.0/plugins/com.st.stm32cube.ide.mcu.externaltools.gnu-tools-for-stm32.9-2020-q2-update.linux64_2.0.0.202105311346/tools/bin/../lib/gcc/arm-none-eabi/9.3.1/../../../../arm-none-eabi/lib/thumb/v7e-m/nofp/libc_nano.a(lib_a-mprec.o)
                0x0000000008006b58                __mdiff
 .text.__ulp    0x0000000008006c6c       0x4c /opt/st/stm32cubeide_1.7.0/plugins/com.st.stm32cube.ide.mcu.externaltools.gnu-tools-for-stm32.9-2020-q2-update.linux64_2.0.0.202105311346/tools/bin/../lib/gcc/arm-none-eabi/9.3.1/../../../../arm-none-eabi/lib/thumb/v7e-m/nofp/libc_nano.a(lib_a-mprec.o)
                0x0000000008006c6c                __ulp
 .text.__b2d    0x0000000008006cb8       0xa8 /opt/st/stm32cubeide_1.7.0/plugins/com.st.stm32cube.ide.mcu.externaltools.gnu-tools-for-stm32.9-2020-q2-update.linux64_2.0.0.202105311346/tools/bin/../lib/gcc/arm-none-eabi/9.3.1/../../../../arm-none-eabi/lib/thumb/v7e-m/nofp/libc_nano.a(lib_a-mprec.o)
                0x0000000008006cb8                __b2d
 .text.__d2b    0x0000000008006d60       0xb8 /opt/st/stm32cubeide_1.7.0/plugins/com.st.stm32cube.ide.mcu.externaltools.gnu-tools-for-stm32.9-2020-q2-update.linux64_2.0.0.202105311346/tools/bin/../lib/gcc/arm-none-eabi/9.3.1/../../../../arm-none-eabi/lib/thumb/v7e-m/nofp/libc_nano.a(lib_a-mprec.o)
                0x0000000008006d60                __d2b
 .text.__ratio  0x0000000008006e18       0x5c /opt/st/stm32cubeide_1.7.0/plugins/com.st.stm32cube.ide.mcu.externaltools.gnu-tools-for-stm32.9-2020-q2-update.linux64_2.0.0.202105311346/tools/bin/../lib/gcc/arm-none-eabi/9.3.1/../../../../arm-none-eabi/lib/thumb/v7e-m/nofp/libc_nano.a(lib_a-mprec.o)
                0x0000000008006e18                __ratio
 .text.__copybits
                0x0000000008006e74       0x46 /opt/st/stm32cubeide_1.7.0/plugins/com.st.stm32cube.ide.mcu.externaltools.gnu-tools-for-stm32.9-2020-q2-update.linux64_2.0.0.202105311346/tools/bin/../lib/gcc/arm-none-eabi/9.3.1/../../../../arm-none-eabi/lib/thumb/v7e-m/nofp/libc_nano.a(lib_a-mprec.o)
                0x0000000008006e74                __copybits
 .text.__any_on
                0x0000000008006eba       0x42 /opt/st/stm32cubeide_1.7.0/plugins/com.st.stm32cube.ide.mcu.externaltools.gnu-tools-for-stm32.9-2020-q2-update.linux64_2.0.0.202105311346/tools/bin/../lib/gcc/arm-none-eabi/9.3.1/../../../../arm-none-eabi/lib/thumb/v7e-m/nofp/libc_nano.a(lib_a-mprec.o)
                0x0000000008006eba                __any_on
 .text._calloc_r
                0x0000000008006efc       0x1c /opt/st/stm32cubeide_1.7.0/plugins/com.st.stm32cube.ide.mcu.externaltools.gnu-tools-for-stm32.9-2020-q2-update.linux64_2.0.0.202105311346/tools/bin/../lib/gcc/arm-none-eabi/9.3.1/../../../../arm-none-eabi/lib/thumb/v7e-m/nofp/libc_nano.a(lib_a-nano-callocr.o)
                0x0000000008006efc                _calloc_r
 .text._free_r  0x0000000008006f18       0x9c /opt/st/stm32cubeide_1.7.0/plugins/com.st.stm32cube.ide.mcu.externaltools.gnu-tools-for-stm32.9-2020-q2-update.linux64_2.0.0.202105311346/tools/bin/../lib/gcc/arm-none-eabi/9.3.1/../../../../arm-none-eabi/lib/thumb/v7e-m/nofp/libc_nano.a(lib_a-nano-freer.o)
                0x0000000008006f18                _free_r
 .text._malloc_r
                0x0000000008006fb4       0xb4 /opt/st/stm32cubeide_1.7.0/plugins/com.st.stm32cube.ide.mcu.externaltools.gnu-tools-for-stm32.9-2020-q2-update.linux64_2.0.0.202105311346/tools/bin/../lib/gcc/arm-none-eabi/9.3.1/../../../../arm-none-eabi/lib/thumb/v7e-m/nofp/libc_nano.a(lib_a-nano-mallocr.o)
                0x0000000008006fb4                _malloc_r
 .text.__ssputs_r
                0x0000000008007068       0xb6 /opt/st/stm32cubeide_1.7.0/plugins/com.st.stm32cube.ide.mcu.externaltools.gnu-tools-for-stm32.9-2020-q2-update.linux64_2.0.0.202105311346/tools/bin/../lib/gcc/arm-none-eabi/9.3.1/../../../../arm-none-eabi/lib/thumb/v7e-m/nofp/libc_nano.a(lib_a-nano-svfprintf.o)
                0x0000000008007068                __ssputs_r
 *fill*         0x000000000800711e        0x2 
 .text._svfprintf_r
                0x0000000008007120      0x200 /opt/st/stm32cubeide_1.7.0/plugins/com.st.stm32cube.ide.mcu.externaltools.gnu-tools-for-stm32.9-2020-q2-update.linux64_2.0.0.202105311346/tools/bin/../lib/gcc/arm-none-eabi/9.3.1/../../../../arm-none-eabi/lib/thumb/v7e-m/nofp/libc_nano.a(lib_a-nano-svfprintf.o)
                0x0000000008007120                _svfprintf_r
                0x0000000008007120                _svfiprintf_r
 .text.nan      0x0000000008007320        0xc /opt/st/stm32cubeide_1.7.0/plugins/com.st.stm32cube.ide.mcu.externaltools.gnu-tools-for-stm32.9-2020-q2-update.linux64_2.0.0.202105311346/tools/bin/../lib/gcc/arm-none-eabi/9.3.1/../../../../arm-none-eabi/lib/thumb/v7e-m/nofp/libc_nano.a(lib_a-s_nan.o)
                0x0000000008007320                nan
 .text._sbrk_r  0x000000000800732c       0x20 /opt/st/stm32cubeide_1.7.0/plugins/com.st.stm32cube.ide.mcu.externaltools.gnu-tools-for-stm32.9-2020-q2-update.linux64_2.0.0.202105311346/tools/bin/../lib/gcc/arm-none-eabi/9.3.1/../../../../arm-none-eabi/lib/thumb/v7e-m/nofp/libc_nano.a(lib_a-sbrkr.o)
                0x000000000800732c                _sbrk_r
 .text.strncmp  0x000000000800734c       0x24 /opt/st/stm32cubeide_1.7.0/plugins/com.st.stm32cube.ide.mcu.externaltools.gnu-tools-for-stm32.9-2020-q2-update.linux64_2.0.0.202105311346/tools/bin/../lib/gcc/arm-none-eabi/9.3.1/../../../../arm-none-eabi/lib/thumb/v7e-m/nofp/libc_nano.a(lib_a-strncmp.o)
                0x000000000800734c                strncmp
 .text.__ascii_wctomb
                0x0000000008007370       0x1a /opt/st/stm32cubeide_1.7.0/plugins/com.st.stm32cube.ide.mcu.externaltools.gnu-tools-for-stm32.9-2020-q2-update.linux64_2.0.0.202105311346/tools/bin/../lib/gcc/arm-none-eabi/9.3.1/../../../../arm-none-eabi/lib/thumb/v7e-m/nofp/libc_nano.a(lib_a-wctomb_r.o)
                0x0000000008007370                __ascii_wctomb
 *fill*         0x000000000800738a        0x2 
 .text.__assert_func
                0x000000000800738c       0x3c /opt/st/stm32cubeide_1.7.0/plugins/com.st.stm32cube.ide.mcu.externaltools.gnu-tools-for-stm32.9-2020-q2-update.linux64_2.0.0.202105311346/tools/bin/../lib/gcc/arm-none-eabi/9.3.1/../../../../arm-none-eabi/lib/thumb/v7e-m/nofp/libc_nano.a(lib_a-assert.o)
                0x000000000800738c                __assert_func
 .text.fprintf  0x00000000080073c8       0x24 /opt/st/stm32cubeide_1.7.0/plugins/com.st.stm32cube.ide.mcu.externaltools.gnu-tools-for-stm32.9-2020-q2-update.linux64_2.0.0.202105311346/tools/bin/../lib/gcc/arm-none-eabi/9.3.1/../../../../arm-none-eabi/lib/thumb/v7e-m/nofp/libc_nano.a(lib_a-fprintf.o)
                0x00000000080073c8                fprintf
                0x00000000080073c8                fiprintf
 .text.memmove  0x00000000080073ec       0x34 /opt/st/stm32cubeide_1.7.0/plugins/com.st.stm32cube.ide.mcu.externaltools.gnu-tools-for-stm32.9-2020-q2-update.linux64_2.0.0.202105311346/tools/bin/../lib/gcc/arm-none-eabi/9.3.1/../../../../arm-none-eabi/lib/thumb/v7e-m/nofp/libc_nano.a(lib_a-memmove.o)
                0x00000000080073ec                memmove
 .text.__malloc_lock
                0x0000000008007420        0xc /opt/st/stm32cubeide_1.7.0/plugins/com.st.stm32cube.ide.mcu.externaltools.gnu-tools-for-stm32.9-2020-q2-update.linux64_2.0.0.202105311346/tools/bin/../lib/gcc/arm-none-eabi/9.3.1/../../../../arm-none-eabi/lib/thumb/v7e-m/nofp/libc_nano.a(lib_a-mlock.o)
                0x0000000008007420                __malloc_lock
 .text.__malloc_unlock
                0x000000000800742c        0xc /opt/st/stm32cubeide_1.7.0/plugins/com.st.stm32cube.ide.mcu.externaltools.gnu-tools-for-stm32.9-2020-q2-update.linux64_2.0.0.202105311346/tools/bin/../lib/gcc/arm-none-eabi/9.3.1/../../../../arm-none-eabi/lib/thumb/v7e-m/nofp/libc_nano.a(lib_a-mlock.o)
                0x000000000800742c                __malloc_unlock
 .text._realloc_r
                0x0000000008007438       0x4c /opt/st/stm32cubeide_1.7.0/plugins/com.st.stm32cube.ide.mcu.externaltools.gnu-tools-for-stm32.9-2020-q2-update.linux64_2.0.0.202105311346/tools/bin/../lib/gcc/arm-none-eabi/9.3.1/../../../../arm-none-eabi/lib/thumb/v7e-m/nofp/libc_nano.a(lib_a-nano-reallocr.o)
                0x0000000008007438                _realloc_r
 .text.__sfputc_r
                0x0000000008007484       0x2a /opt/st/stm32cubeide_1.7.0/plugins/com.st.stm32cube.ide.mcu.externaltools.gnu-tools-for-stm32.9-2020-q2-update.linux64_2.0.0.202105311346/tools/bin/../lib/gcc/arm-none-eabi/9.3.1/../../../../arm-none-eabi/lib/thumb/v7e-m/nofp/libc_nano.a(lib_a-nano-vfprintf.o)
 .text.__sfputs_r
                0x00000000080074ae       0x24 /opt/st/stm32cubeide_1.7.0/plugins/com.st.stm32cube.ide.mcu.externaltools.gnu-tools-for-stm32.9-2020-q2-update.linux64_2.0.0.202105311346/tools/bin/../lib/gcc/arm-none-eabi/9.3.1/../../../../arm-none-eabi/lib/thumb/v7e-m/nofp/libc_nano.a(lib_a-nano-vfprintf.o)
                0x00000000080074ae                __sfputs_r
 *fill*         0x00000000080074d2        0x2 
 .text._vfprintf_r
                0x00000000080074d4      0x260 /opt/st/stm32cubeide_1.7.0/plugins/com.st.stm32cube.ide.mcu.externaltools.gnu-tools-for-stm32.9-2020-q2-update.linux64_2.0.0.202105311346/tools/bin/../lib/gcc/arm-none-eabi/9.3.1/../../../../arm-none-eabi/lib/thumb/v7e-m/nofp/libc_nano.a(lib_a-nano-vfprintf.o)
                0x00000000080074d4                _vfiprintf_r
                0x00000000080074d4                _vfprintf_r
 .text.__swbuf_r
                0x0000000008007734       0xa4 /opt/st/stm32cubeide_1.7.0/plugins/com.st.stm32cube.ide.mcu.externaltools.gnu-tools-for-stm32.9-2020-q2-update.linux64_2.0.0.202105311346/tools/bin/../lib/gcc/arm-none-eabi/9.3.1/../../../../arm-none-eabi/lib/thumb/v7e-m/nofp/libc_nano.a(lib_a-wbuf.o)
                0x0000000008007734                __swbuf_r
 .text.__swsetup_r
                0x00000000080077d8       0xdc /opt/st/stm32cubeide_1.7.0/plugins/com.st.stm32cube.ide.mcu.externaltools.gnu-tools-for-stm32.9-2020-q2-update.linux64_2.0.0.202105311346/tools/bin/../lib/gcc/arm-none-eabi/9.3.1/../../../../arm-none-eabi/lib/thumb/v7e-m/nofp/libc_nano.a(lib_a-wsetup.o)
                0x00000000080077d8                __swsetup_r
 .text.abort    0x00000000080078b4        0xe /opt/st/stm32cubeide_1.7.0/plugins/com.st.stm32cube.ide.mcu.externaltools.gnu-tools-for-stm32.9-2020-q2-update.linux64_2.0.0.202105311346/tools/bin/../lib/gcc/arm-none-eabi/9.3.1/../../../../arm-none-eabi/lib/thumb/v7e-m/nofp/libc_nano.a(lib_a-abort.o)
                0x00000000080078b4                abort
 *fill*         0x00000000080078c2        0x2 
 .text.__sflush_r
                0x00000000080078c4      0x10c /opt/st/stm32cubeide_1.7.0/plugins/com.st.stm32cube.ide.mcu.externaltools.gnu-tools-for-stm32.9-2020-q2-update.linux64_2.0.0.202105311346/tools/bin/../lib/gcc/arm-none-eabi/9.3.1/../../../../arm-none-eabi/lib/thumb/v7e-m/nofp/libc_nano.a(lib_a-fflush.o)
                0x00000000080078c4                __sflush_r
 .text._fflush_r
                0x00000000080079d0       0x78 /opt/st/stm32cubeide_1.7.0/plugins/com.st.stm32cube.ide.mcu.externaltools.gnu-tools-for-stm32.9-2020-q2-update.linux64_2.0.0.202105311346/tools/bin/../lib/gcc/arm-none-eabi/9.3.1/../../../../arm-none-eabi/lib/thumb/v7e-m/nofp/libc_nano.a(lib_a-fflush.o)
                0x00000000080079d0                _fflush_r
 .text.std      0x0000000008007a48       0x48 /opt/st/stm32cubeide_1.7.0/plugins/com.st.stm32cube.ide.mcu.externaltools.gnu-tools-for-stm32.9-2020-q2-update.linux64_2.0.0.202105311346/tools/bin/../lib/gcc/arm-none-eabi/9.3.1/../../../../arm-none-eabi/lib/thumb/v7e-m/nofp/libc_nano.a(lib_a-findfp.o)
 .text._cleanup_r
                0x0000000008007a90        0xc /opt/st/stm32cubeide_1.7.0/plugins/com.st.stm32cube.ide.mcu.externaltools.gnu-tools-for-stm32.9-2020-q2-update.linux64_2.0.0.202105311346/tools/bin/../lib/gcc/arm-none-eabi/9.3.1/../../../../arm-none-eabi/lib/thumb/v7e-m/nofp/libc_nano.a(lib_a-findfp.o)
                0x0000000008007a90                _cleanup_r
 .text.__sfmoreglue
                0x0000000008007a9c       0x2c /opt/st/stm32cubeide_1.7.0/plugins/com.st.stm32cube.ide.mcu.externaltools.gnu-tools-for-stm32.9-2020-q2-update.linux64_2.0.0.202105311346/tools/bin/../lib/gcc/arm-none-eabi/9.3.1/../../../../arm-none-eabi/lib/thumb/v7e-m/nofp/libc_nano.a(lib_a-findfp.o)
                0x0000000008007a9c                __sfmoreglue
 .text.__sfp_lock_acquire
                0x0000000008007ac8        0xc /opt/st/stm32cubeide_1.7.0/plugins/com.st.stm32cube.ide.mcu.externaltools.gnu-tools-for-stm32.9-2020-q2-update.linux64_2.0.0.202105311346/tools/bin/../lib/gcc/arm-none-eabi/9.3.1/../../../../arm-none-eabi/lib/thumb/v7e-m/nofp/libc_nano.a(lib_a-findfp.o)
                0x0000000008007ac8                __sfp_lock_acquire
 .text.__sfp_lock_release
                0x0000000008007ad4        0xc /opt/st/stm32cubeide_1.7.0/plugins/com.st.stm32cube.ide.mcu.externaltools.gnu-tools-for-stm32.9-2020-q2-update.linux64_2.0.0.202105311346/tools/bin/../lib/gcc/arm-none-eabi/9.3.1/../../../../arm-none-eabi/lib/thumb/v7e-m/nofp/libc_nano.a(lib_a-findfp.o)
                0x0000000008007ad4                __sfp_lock_release
 .text.__sinit_lock_acquire
                0x0000000008007ae0        0xc /opt/st/stm32cubeide_1.7.0/plugins/com.st.stm32cube.ide.mcu.externaltools.gnu-tools-for-stm32.9-2020-q2-update.linux64_2.0.0.202105311346/tools/bin/../lib/gcc/arm-none-eabi/9.3.1/../../../../arm-none-eabi/lib/thumb/v7e-m/nofp/libc_nano.a(lib_a-findfp.o)
                0x0000000008007ae0                __sinit_lock_acquire
 .text.__sinit_lock_release
                0x0000000008007aec        0xc /opt/st/stm32cubeide_1.7.0/plugins/com.st.stm32cube.ide.mcu.externaltools.gnu-tools-for-stm32.9-2020-q2-update.linux64_2.0.0.202105311346/tools/bin/../lib/gcc/arm-none-eabi/9.3.1/../../../../arm-none-eabi/lib/thumb/v7e-m/nofp/libc_nano.a(lib_a-findfp.o)
                0x0000000008007aec                __sinit_lock_release
 .text.__sinit  0x0000000008007af8       0x70 /opt/st/stm32cubeide_1.7.0/plugins/com.st.stm32cube.ide.mcu.externaltools.gnu-tools-for-stm32.9-2020-q2-update.linux64_2.0.0.202105311346/tools/bin/../lib/gcc/arm-none-eabi/9.3.1/../../../../arm-none-eabi/lib/thumb/v7e-m/nofp/libc_nano.a(lib_a-findfp.o)
                0x0000000008007af8                __sinit
 .text.__sfp    0x0000000008007b68       0x8c /opt/st/stm32cubeide_1.7.0/plugins/com.st.stm32cube.ide.mcu.externaltools.gnu-tools-for-stm32.9-2020-q2-update.linux64_2.0.0.202105311346/tools/bin/../lib/gcc/arm-none-eabi/9.3.1/../../../../arm-none-eabi/lib/thumb/v7e-m/nofp/libc_nano.a(lib_a-findfp.o)
                0x0000000008007b68                __sfp
 .text._fwalk_reent
                0x0000000008007bf4       0x3e /opt/st/stm32cubeide_1.7.0/plugins/com.st.stm32cube.ide.mcu.externaltools.gnu-tools-for-stm32.9-2020-q2-update.linux64_2.0.0.202105311346/tools/bin/../lib/gcc/arm-none-eabi/9.3.1/../../../../arm-none-eabi/lib/thumb/v7e-m/nofp/libc_nano.a(lib_a-fwalk.o)
                0x0000000008007bf4                _fwalk_reent
 .text.__retarget_lock_init_recursive
                0x0000000008007c32        0x2 /opt/st/stm32cubeide_1.7.0/plugins/com.st.stm32cube.ide.mcu.externaltools.gnu-tools-for-stm32.9-2020-q2-update.linux64_2.0.0.202105311346/tools/bin/../lib/gcc/arm-none-eabi/9.3.1/../../../../arm-none-eabi/lib/thumb/v7e-m/nofp/libc_nano.a(lib_a-lock.o)
                0x0000000008007c32                __retarget_lock_init_recursive
 .text.__retarget_lock_acquire_recursive
                0x0000000008007c34        0x2 /opt/st/stm32cubeide_1.7.0/plugins/com.st.stm32cube.ide.mcu.externaltools.gnu-tools-for-stm32.9-2020-q2-update.linux64_2.0.0.202105311346/tools/bin/../lib/gcc/arm-none-eabi/9.3.1/../../../../arm-none-eabi/lib/thumb/v7e-m/nofp/libc_nano.a(lib_a-lock.o)
                0x0000000008007c34                __retarget_lock_acquire_recursive
 .text.__retarget_lock_release_recursive
                0x0000000008007c36        0x2 /opt/st/stm32cubeide_1.7.0/plugins/com.st.stm32cube.ide.mcu.externaltools.gnu-tools-for-stm32.9-2020-q2-update.linux64_2.0.0.202105311346/tools/bin/../lib/gcc/arm-none-eabi/9.3.1/../../../../arm-none-eabi/lib/thumb/v7e-m/nofp/libc_nano.a(lib_a-lock.o)
                0x0000000008007c36                __retarget_lock_release_recursive
 .text.__swhatbuf_r
                0x0000000008007c38       0x48 /opt/st/stm32cubeide_1.7.0/plugins/com.st.stm32cube.ide.mcu.externaltools.gnu-tools-for-stm32.9-2020-q2-update.linux64_2.0.0.202105311346/tools/bin/../lib/gcc/arm-none-eabi/9.3.1/../../../../arm-none-eabi/lib/thumb/v7e-m/nofp/libc_nano.a(lib_a-makebuf.o)
                0x0000000008007c38                __swhatbuf_r
 .text.__smakebuf_r
                0x0000000008007c80       0x80 /opt/st/stm32cubeide_1.7.0/plugins/com.st.stm32cube.ide.mcu.externaltools.gnu-tools-for-stm32.9-2020-q2-update.linux64_2.0.0.202105311346/tools/bin/../lib/gcc/arm-none-eabi/9.3.1/../../../../arm-none-eabi/lib/thumb/v7e-m/nofp/libc_nano.a(lib_a-makebuf.o)
                0x0000000008007c80                __smakebuf_r
 .text._malloc_usable_size_r
                0x0000000008007d00       0x10 /opt/st/stm32cubeide_1.7.0/plugins/com.st.stm32cube.ide.mcu.externaltools.gnu-tools-for-stm32.9-2020-q2-update.linux64_2.0.0.202105311346/tools/bin/../lib/gcc/arm-none-eabi/9.3.1/../../../../arm-none-eabi/lib/thumb/v7e-m/nofp/libc_nano.a(lib_a-nano-msizer.o)
                0x0000000008007d00                _malloc_usable_size_r
 .text._raise_r
                0x0000000008007d10       0x50 /opt/st/stm32cubeide_1.7.0/plugins/com.st.stm32cube.ide.mcu.externaltools.gnu-tools-for-stm32.9-2020-q2-update.linux64_2.0.0.202105311346/tools/bin/../lib/gcc/arm-none-eabi/9.3.1/../../../../arm-none-eabi/lib/thumb/v7e-m/nofp/libc_nano.a(lib_a-signal.o)
                0x0000000008007d10                _raise_r
 .text.raise    0x0000000008007d60       0x10 /opt/st/stm32cubeide_1.7.0/plugins/com.st.stm32cube.ide.mcu.externaltools.gnu-tools-for-stm32.9-2020-q2-update.linux64_2.0.0.202105311346/tools/bin/../lib/gcc/arm-none-eabi/9.3.1/../../../../arm-none-eabi/lib/thumb/v7e-m/nofp/libc_nano.a(lib_a-signal.o)
                0x0000000008007d60                raise
 .text._kill_r  0x0000000008007d70       0x24 /opt/st/stm32cubeide_1.7.0/plugins/com.st.stm32cube.ide.mcu.externaltools.gnu-tools-for-stm32.9-2020-q2-update.linux64_2.0.0.202105311346/tools/bin/../lib/gcc/arm-none-eabi/9.3.1/../../../../arm-none-eabi/lib/thumb/v7e-m/nofp/libc_nano.a(lib_a-signalr.o)
                0x0000000008007d70                _kill_r
 .text._getpid_r
                0x0000000008007d94        0x4 /opt/st/stm32cubeide_1.7.0/plugins/com.st.stm32cube.ide.mcu.externaltools.gnu-tools-for-stm32.9-2020-q2-update.linux64_2.0.0.202105311346/tools/bin/../lib/gcc/arm-none-eabi/9.3.1/../../../../arm-none-eabi/lib/thumb/v7e-m/nofp/libc_nano.a(lib_a-signalr.o)
                0x0000000008007d94                _getpid_r
 .text.__sread  0x0000000008007d98       0x22 /opt/st/stm32cubeide_1.7.0/plugins/com.st.stm32cube.ide.mcu.externaltools.gnu-tools-for-stm32.9-2020-q2-update.linux64_2.0.0.202105311346/tools/bin/../lib/gcc/arm-none-eabi/9.3.1/../../../../arm-none-eabi/lib/thumb/v7e-m/nofp/libc_nano.a(lib_a-stdio.o)
                0x0000000008007d98                __sread
 .text.__swrite
                0x0000000008007dba       0x38 /opt/st/stm32cubeide_1.7.0/plugins/com.st.stm32cube.ide.mcu.externaltools.gnu-tools-for-stm32.9-2020-q2-update.linux64_2.0.0.202105311346/tools/bin/../lib/gcc/arm-none-eabi/9.3.1/../../../../arm-none-eabi/lib/thumb/v7e-m/nofp/libc_nano.a(lib_a-stdio.o)
                0x0000000008007dba                __swrite
 .text.__sseek  0x0000000008007df2       0x24 /opt/st/stm32cubeide_1.7.0/plugins/com.st.stm32cube.ide.mcu.externaltools.gnu-tools-for-stm32.9-2020-q2-update.linux64_2.0.0.202105311346/tools/bin/../lib/gcc/arm-none-eabi/9.3.1/../../../../arm-none-eabi/lib/thumb/v7e-m/nofp/libc_nano.a(lib_a-stdio.o)
                0x0000000008007df2                __sseek
 .text.__sclose
                0x0000000008007e16        0x8 /opt/st/stm32cubeide_1.7.0/plugins/com.st.stm32cube.ide.mcu.externaltools.gnu-tools-for-stm32.9-2020-q2-update.linux64_2.0.0.202105311346/tools/bin/../lib/gcc/arm-none-eabi/9.3.1/../../../../arm-none-eabi/lib/thumb/v7e-m/nofp/libc_nano.a(lib_a-stdio.o)
                0x0000000008007e16                __sclose
 *fill*         0x0000000008007e1e        0x2 
 .text._write_r
                0x0000000008007e20       0x24 /opt/st/stm32cubeide_1.7.0/plugins/com.st.stm32cube.ide.mcu.externaltools.gnu-tools-for-stm32.9-2020-q2-update.linux64_2.0.0.202105311346/tools/bin/../lib/gcc/arm-none-eabi/9.3.1/../../../../arm-none-eabi/lib/thumb/v7e-m/nofp/libc_nano.a(lib_a-writer.o)
                0x0000000008007e20                _write_r
 .text._close_r
                0x0000000008007e44       0x20 /opt/st/stm32cubeide_1.7.0/plugins/com.st.stm32cube.ide.mcu.externaltools.gnu-tools-for-stm32.9-2020-q2-update.linux64_2.0.0.202105311346/tools/bin/../lib/gcc/arm-none-eabi/9.3.1/../../../../arm-none-eabi/lib/thumb/v7e-m/nofp/libc_nano.a(lib_a-closer.o)
                0x0000000008007e44                _close_r
 .text._fstat_r
                0x0000000008007e64       0x24 /opt/st/stm32cubeide_1.7.0/plugins/com.st.stm32cube.ide.mcu.externaltools.gnu-tools-for-stm32.9-2020-q2-update.linux64_2.0.0.202105311346/tools/bin/../lib/gcc/arm-none-eabi/9.3.1/../../../../arm-none-eabi/lib/thumb/v7e-m/nofp/libc_nano.a(lib_a-fstatr.o)
                0x0000000008007e64                _fstat_r
 .text._isatty_r
                0x0000000008007e88       0x20 /opt/st/stm32cubeide_1.7.0/plugins/com.st.stm32cube.ide.mcu.externaltools.gnu-tools-for-stm32.9-2020-q2-update.linux64_2.0.0.202105311346/tools/bin/../lib/gcc/arm-none-eabi/9.3.1/../../../../arm-none-eabi/lib/thumb/v7e-m/nofp/libc_nano.a(lib_a-isattyr.o)
                0x0000000008007e88                _isatty_r
 .text._lseek_r
                0x0000000008007ea8       0x24 /opt/st/stm32cubeide_1.7.0/plugins/com.st.stm32cube.ide.mcu.externaltools.gnu-tools-for-stm32.9-2020-q2-update.linux64_2.0.0.202105311346/tools/bin/../lib/gcc/arm-none-eabi/9.3.1/../../../../arm-none-eabi/lib/thumb/v7e-m/nofp/libc_nano.a(lib_a-lseekr.o)
                0x0000000008007ea8                _lseek_r
 .text._read_r  0x0000000008007ecc       0x24 /opt/st/stm32cubeide_1.7.0/plugins/com.st.stm32cube.ide.mcu.externaltools.gnu-tools-for-stm32.9-2020-q2-update.linux64_2.0.0.202105311346/tools/bin/../lib/gcc/arm-none-eabi/9.3.1/../../../../arm-none-eabi/lib/thumb/v7e-m/nofp/libc_nano.a(lib_a-readr.o)
                0x0000000008007ecc                _read_r
 *(.glue_7)
 .glue_7        0x0000000008007ef0        0x0 linker stubs
 *(.glue_7t)
 .glue_7t       0x0000000008007ef0        0x0 linker stubs
 *(.eh_frame)
 .eh_frame      0x0000000008007ef0        0x0 /opt/st/stm32cubeide_1.7.0/plugins/com.st.stm32cube.ide.mcu.externaltools.gnu-tools-for-stm32.9-2020-q2-update.linux64_2.0.0.202105311346/tools/bin/../lib/gcc/arm-none-eabi/9.3.1/thumb/v7e-m/nofp/crtbegin.o
 *(.init)
 .init          0x0000000008007ef0        0x4 /opt/st/stm32cubeide_1.7.0/plugins/com.st.stm32cube.ide.mcu.externaltools.gnu-tools-for-stm32.9-2020-q2-update.linux64_2.0.0.202105311346/tools/bin/../lib/gcc/arm-none-eabi/9.3.1/thumb/v7e-m/nofp/crti.o
                0x0000000008007ef0                _init
 .init          0x0000000008007ef4        0x8 /opt/st/stm32cubeide_1.7.0/plugins/com.st.stm32cube.ide.mcu.externaltools.gnu-tools-for-stm32.9-2020-q2-update.linux64_2.0.0.202105311346/tools/bin/../lib/gcc/arm-none-eabi/9.3.1/thumb/v7e-m/nofp/crtn.o
 *(.fini)
 .fini          0x0000000008007efc        0x4 /opt/st/stm32cubeide_1.7.0/plugins/com.st.stm32cube.ide.mcu.externaltools.gnu-tools-for-stm32.9-2020-q2-update.linux64_2.0.0.202105311346/tools/bin/../lib/gcc/arm-none-eabi/9.3.1/thumb/v7e-m/nofp/crti.o
                0x0000000008007efc                _fini
 .fini          0x0000000008007f00        0x8 /opt/st/stm32cubeide_1.7.0/plugins/com.st.stm32cube.ide.mcu.externaltools.gnu-tools-for-stm32.9-2020-q2-update.linux64_2.0.0.202105311346/tools/bin/../lib/gcc/arm-none-eabi/9.3.1/thumb/v7e-m/nofp/crtn.o
                0x0000000008007f08                . = ALIGN (0x4)
                0x0000000008007f08                _etext = .

.vfp11_veneer   0x0000000008007f08        0x0
 .vfp11_veneer  0x0000000008007f08        0x0 linker stubs

.v4_bx          0x0000000008007f08        0x0
 .v4_bx         0x0000000008007f08        0x0 linker stubs

.iplt           0x0000000008007f08        0x0
 .iplt          0x0000000008007f08        0x0 /opt/st/stm32cubeide_1.7.0/plugins/com.st.stm32cube.ide.mcu.externaltools.gnu-tools-for-stm32.9-2020-q2-update.linux64_2.0.0.202105311346/tools/bin/../lib/gcc/arm-none-eabi/9.3.1/thumb/v7e-m/nofp/crtbegin.o

.rodata         0x0000000008007f08      0x4e4
                0x0000000008007f08                . = ALIGN (0x4)
 *(.rodata)
 .rodata        0x0000000008007f08       0x30 ./Src/main.o
 *(.rodata*)
 .rodata._global_impure_ptr
                0x0000000008007f38        0x4 /opt/st/stm32cubeide_1.7.0/plugins/com.st.stm32cube.ide.mcu.externaltools.gnu-tools-for-stm32.9-2020-q2-update.linux64_2.0.0.202105311346/tools/bin/../lib/gcc/arm-none-eabi/9.3.1/../../../../arm-none-eabi/lib/thumb/v7e-m/nofp/libc_nano.a(lib_a-impure.o)
                0x0000000008007f38                _global_impure_ptr
 .rodata._printf_float.str1.1
                0x0000000008007f3c       0x12 /opt/st/stm32cubeide_1.7.0/plugins/com.st.stm32cube.ide.mcu.externaltools.gnu-tools-for-stm32.9-2020-q2-update.linux64_2.0.0.202105311346/tools/bin/../lib/gcc/arm-none-eabi/9.3.1/../../../../arm-none-eabi/lib/thumb/v7e-m/nofp/libc_nano.a(lib_a-nano-vfprintf_float.o)
 .rodata._printf_i.str1.1
                0x0000000008007f4e       0x22 /opt/st/stm32cubeide_1.7.0/plugins/com.st.stm32cube.ide.mcu.externaltools.gnu-tools-for-stm32.9-2020-q2-update.linux64_2.0.0.202105311346/tools/bin/../lib/gcc/arm-none-eabi/9.3.1/../../../../arm-none-eabi/lib/thumb/v7e-m/nofp/libc_nano.a(lib_a-nano-vfprintf_i.o)
 .rodata._scanf_float.str1.1
                0x0000000008007f70        0x5 /opt/st/stm32cubeide_1.7.0/plugins/com.st.stm32cube.ide.mcu.externaltools.gnu-tools-for-stm32.9-2020-q2-update.linux64_2.0.0.202105311346/tools/bin/../lib/gcc/arm-none-eabi/9.3.1/../../../../arm-none-eabi/lib/thumb/v7e-m/nofp/libc_nano.a(lib_a-nano-vfscanf_float.o)
                                          0x6 (size before relaxing)
 .rodata._strtod_l.str1.1
                0x0000000008007f75        0x5 /opt/st/stm32cubeide_1.7.0/plugins/com.st.stm32cube.ide.mcu.externaltools.gnu-tools-for-stm32.9-2020-q2-update.linux64_2.0.0.202105311346/tools/bin/../lib/gcc/arm-none-eabi/9.3.1/../../../../arm-none-eabi/lib/thumb/v7e-m/nofp/libc_nano.a(lib_a-strtod.o)
                                          0xd (size before relaxing)
 *fill*         0x0000000008007f75        0x3 
 .rodata.fpi.6220
                0x0000000008007f78       0x14 /opt/st/stm32cubeide_1.7.0/plugins/com.st.stm32cube.ide.mcu.externaltools.gnu-tools-for-stm32.9-2020-q2-update.linux64_2.0.0.202105311346/tools/bin/../lib/gcc/arm-none-eabi/9.3.1/../../../../arm-none-eabi/lib/thumb/v7e-m/nofp/libc_nano.a(lib_a-strtod.o)
 .rodata.fpinan.6256
                0x0000000008007f8c       0x14 /opt/st/stm32cubeide_1.7.0/plugins/com.st.stm32cube.ide.mcu.externaltools.gnu-tools-for-stm32.9-2020-q2-update.linux64_2.0.0.202105311346/tools/bin/../lib/gcc/arm-none-eabi/9.3.1/../../../../arm-none-eabi/lib/thumb/v7e-m/nofp/libc_nano.a(lib_a-strtod.o)
 .rodata.tinytens
                0x0000000008007fa0       0x28 /opt/st/stm32cubeide_1.7.0/plugins/com.st.stm32cube.ide.mcu.externaltools.gnu-tools-for-stm32.9-2020-q2-update.linux64_2.0.0.202105311346/tools/bin/../lib/gcc/arm-none-eabi/9.3.1/../../../../arm-none-eabi/lib/thumb/v7e-m/nofp/libc_nano.a(lib_a-strtod.o)
 .rodata._ctype_
                0x0000000008007fc8      0x101 /opt/st/stm32cubeide_1.7.0/plugins/com.st.stm32cube.ide.mcu.externaltools.gnu-tools-for-stm32.9-2020-q2-update.linux64_2.0.0.202105311346/tools/bin/../lib/gcc/arm-none-eabi/9.3.1/../../../../arm-none-eabi/lib/thumb/v7e-m/nofp/libc_nano.a(lib_a-ctype_.o)
                0x0000000008007fc8                _ctype_
 .rodata._dtoa_r.str1.1
                0x00000000080080c9       0x94 /opt/st/stm32cubeide_1.7.0/plugins/com.st.stm32cube.ide.mcu.externaltools.gnu-tools-for-stm32.9-2020-q2-update.linux64_2.0.0.202105311346/tools/bin/../lib/gcc/arm-none-eabi/9.3.1/../../../../arm-none-eabi/lib/thumb/v7e-m/nofp/libc_nano.a(lib_a-dtoa.o)
                                         0x96 (size before relaxing)
 .rodata.__gethex.str1.1
                0x000000000800815d       0x67 /opt/st/stm32cubeide_1.7.0/plugins/com.st.stm32cube.ide.mcu.externaltools.gnu-tools-for-stm32.9-2020-q2-update.linux64_2.0.0.202105311346/tools/bin/../lib/gcc/arm-none-eabi/9.3.1/../../../../arm-none-eabi/lib/thumb/v7e-m/nofp/libc_nano.a(lib_a-gdtoa-gethex.o)
                                         0x78 (size before relaxing)
 .rodata.str1.1
                0x00000000080081c4        0x2 /opt/st/stm32cubeide_1.7.0/plugins/com.st.stm32cube.ide.mcu.externaltools.gnu-tools-for-stm32.9-2020-q2-update.linux64_2.0.0.202105311346/tools/bin/../lib/gcc/arm-none-eabi/9.3.1/../../../../arm-none-eabi/lib/thumb/v7e-m/nofp/libc_nano.a(lib_a-lnumeric.o)
                                          0x3 (size before relaxing)
 *fill*         0x00000000080081c6        0x2 
 .rodata._C_numeric_locale
                0x00000000080081c8        0xc /opt/st/stm32cubeide_1.7.0/plugins/com.st.stm32cube.ide.mcu.externaltools.gnu-tools-for-stm32.9-2020-q2-update.linux64_2.0.0.202105311346/tools/bin/../lib/gcc/arm-none-eabi/9.3.1/../../../../arm-none-eabi/lib/thumb/v7e-m/nofp/libc_nano.a(lib_a-lnumeric.o)
                0x00000000080081c8                _C_numeric_locale
 .rodata._setlocale_r.str1.1
                0x00000000080081d4        0x8 /opt/st/stm32cubeide_1.7.0/plugins/com.st.stm32cube.ide.mcu.externaltools.gnu-tools-for-stm32.9-2020-q2-update.linux64_2.0.0.202105311346/tools/bin/../lib/gcc/arm-none-eabi/9.3.1/../../../../arm-none-eabi/lib/thumb/v7e-m/nofp/libc_nano.a(lib_a-locale.o)
                                          0x9 (size before relaxing)
 .rodata.str1.1
                0x00000000080081dc        0x2 /opt/st/stm32cubeide_1.7.0/plugins/com.st.stm32cube.ide.mcu.externaltools.gnu-tools-for-stm32.9-2020-q2-update.linux64_2.0.0.202105311346/tools/bin/../lib/gcc/arm-none-eabi/9.3.1/../../../../arm-none-eabi/lib/thumb/v7e-m/nofp/libc_nano.a(lib_a-locale.o)
 .rodata._Balloc.str1.1
                0x00000000080081dc       0x60 /opt/st/stm32cubeide_1.7.0/plugins/com.st.stm32cube.ide.mcu.externaltools.gnu-tools-for-stm32.9-2020-q2-update.linux64_2.0.0.202105311346/tools/bin/../lib/gcc/arm-none-eabi/9.3.1/../../../../arm-none-eabi/lib/thumb/v7e-m/nofp/libc_nano.a(lib_a-mprec.o)
                                         0x77 (size before relaxing)
 .rodata.__multadd.str1.1
                0x000000000800823c       0x11 /opt/st/stm32cubeide_1.7.0/plugins/com.st.stm32cube.ide.mcu.externaltools.gnu-tools-for-stm32.9-2020-q2-update.linux64_2.0.0.202105311346/tools/bin/../lib/gcc/arm-none-eabi/9.3.1/../../../../arm-none-eabi/lib/thumb/v7e-m/nofp/libc_nano.a(lib_a-mprec.o)
 *fill*         0x000000000800823c        0x4 
 .rodata.__mprec_bigtens
                0x0000000008008240       0x28 /opt/st/stm32cubeide_1.7.0/plugins/com.st.stm32cube.ide.mcu.externaltools.gnu-tools-for-stm32.9-2020-q2-update.linux64_2.0.0.202105311346/tools/bin/../lib/gcc/arm-none-eabi/9.3.1/../../../../arm-none-eabi/lib/thumb/v7e-m/nofp/libc_nano.a(lib_a-mprec.o)
                0x0000000008008240                __mprec_bigtens
 .rodata.__mprec_tens
                0x0000000008008268       0xc8 /opt/st/stm32cubeide_1.7.0/plugins/com.st.stm32cube.ide.mcu.externaltools.gnu-tools-for-stm32.9-2020-q2-update.linux64_2.0.0.202105311346/tools/bin/../lib/gcc/arm-none-eabi/9.3.1/../../../../arm-none-eabi/lib/thumb/v7e-m/nofp/libc_nano.a(lib_a-mprec.o)
                0x0000000008008268                __mprec_tens
 .rodata.p05.6150
                0x0000000008008330        0xc /opt/st/stm32cubeide_1.7.0/plugins/com.st.stm32cube.ide.mcu.externaltools.gnu-tools-for-stm32.9-2020-q2-update.linux64_2.0.0.202105311346/tools/bin/../lib/gcc/arm-none-eabi/9.3.1/../../../../arm-none-eabi/lib/thumb/v7e-m/nofp/libc_nano.a(lib_a-mprec.o)
 .rodata._svfprintf_r.str1.1
                0x000000000800833c       0x11 /opt/st/stm32cubeide_1.7.0/plugins/com.st.stm32cube.ide.mcu.externaltools.gnu-tools-for-stm32.9-2020-q2-update.linux64_2.0.0.202105311346/tools/bin/../lib/gcc/arm-none-eabi/9.3.1/../../../../arm-none-eabi/lib/thumb/v7e-m/nofp/libc_nano.a(lib_a-nano-svfprintf.o)
 .rodata.__assert_func.str1.1
                0x000000000800834d       0x3c /opt/st/stm32cubeide_1.7.0/plugins/com.st.stm32cube.ide.mcu.externaltools.gnu-tools-for-stm32.9-2020-q2-update.linux64_2.0.0.202105311346/tools/bin/../lib/gcc/arm-none-eabi/9.3.1/../../../../arm-none-eabi/lib/thumb/v7e-m/nofp/libc_nano.a(lib_a-assert.o)
                                         0x3d (size before relaxing)
 .rodata._vfprintf_r.str1.1
                0x0000000008008389       0x11 /opt/st/stm32cubeide_1.7.0/plugins/com.st.stm32cube.ide.mcu.externaltools.gnu-tools-for-stm32.9-2020-q2-update.linux64_2.0.0.202105311346/tools/bin/../lib/gcc/arm-none-eabi/9.3.1/../../../../arm-none-eabi/lib/thumb/v7e-m/nofp/libc_nano.a(lib_a-nano-vfprintf.o)
 *fill*         0x0000000008008389        0x3 
 .rodata.__sf_fake_stderr
                0x000000000800838c       0x20 /opt/st/stm32cubeide_1.7.0/plugins/com.st.stm32cube.ide.mcu.externaltools.gnu-tools-for-stm32.9-2020-q2-update.linux64_2.0.0.202105311346/tools/bin/../lib/gcc/arm-none-eabi/9.3.1/../../../../arm-none-eabi/lib/thumb/v7e-m/nofp/libc_nano.a(lib_a-findfp.o)
                0x000000000800838c                __sf_fake_stderr
 .rodata.__sf_fake_stdin
                0x00000000080083ac       0x20 /opt/st/stm32cubeide_1.7.0/plugins/com.st.stm32cube.ide.mcu.externaltools.gnu-tools-for-stm32.9-2020-q2-update.linux64_2.0.0.202105311346/tools/bin/../lib/gcc/arm-none-eabi/9.3.1/../../../../arm-none-eabi/lib/thumb/v7e-m/nofp/libc_nano.a(lib_a-findfp.o)
                0x00000000080083ac                __sf_fake_stdin
 .rodata.__sf_fake_stdout
                0x00000000080083cc       0x20 /opt/st/stm32cubeide_1.7.0/plugins/com.st.stm32cube.ide.mcu.externaltools.gnu-tools-for-stm32.9-2020-q2-update.linux64_2.0.0.202105311346/tools/bin/../lib/gcc/arm-none-eabi/9.3.1/../../../../arm-none-eabi/lib/thumb/v7e-m/nofp/libc_nano.a(lib_a-findfp.o)
                0x00000000080083cc                __sf_fake_stdout
                0x00000000080083ec                . = ALIGN (0x4)

.ARM.extab      0x00000000080083ec        0x0
                0x00000000080083ec                . = ALIGN (0x4)
 *(.ARM.extab* .gnu.linkonce.armextab.*)
                0x00000000080083ec                . = ALIGN (0x4)

.ARM            0x00000000080083ec        0x8
                0x00000000080083ec                . = ALIGN (0x4)
                0x00000000080083ec                __exidx_start = .
 *(.ARM.exidx*)
 .ARM.exidx     0x00000000080083ec        0x8 /opt/st/stm32cubeide_1.7.0/plugins/com.st.stm32cube.ide.mcu.externaltools.gnu-tools-for-stm32.9-2020-q2-update.linux64_2.0.0.202105311346/tools/bin/../lib/gcc/arm-none-eabi/9.3.1/thumb/v7e-m/nofp/libgcc.a(_udivmoddi4.o)
                0x00000000080083f4                __exidx_end = .
                0x00000000080083f4                . = ALIGN (0x4)

.rel.dyn        0x00000000080083f4        0x0
 .rel.iplt      0x00000000080083f4        0x0 /opt/st/stm32cubeide_1.7.0/plugins/com.st.stm32cube.ide.mcu.externaltools.gnu-tools-for-stm32.9-2020-q2-update.linux64_2.0.0.202105311346/tools/bin/../lib/gcc/arm-none-eabi/9.3.1/thumb/v7e-m/nofp/crtbegin.o

.preinit_array  0x00000000080083f4        0x0
                0x00000000080083f4                . = ALIGN (0x4)
                0x00000000080083f4                PROVIDE (__preinit_array_start = .)
 *(.preinit_array*)
                0x00000000080083f4                PROVIDE (__preinit_array_end = .)
                0x00000000080083f4                . = ALIGN (0x4)

.init_array     0x00000000080083f4        0x4
                0x00000000080083f4                . = ALIGN (0x4)
                0x00000000080083f4                PROVIDE (__init_array_start = .)
 *(SORT_BY_NAME(.init_array.*))
 *(.init_array*)
 .init_array    0x00000000080083f4        0x4 /opt/st/stm32cubeide_1.7.0/plugins/com.st.stm32cube.ide.mcu.externaltools.gnu-tools-for-stm32.9-2020-q2-update.linux64_2.0.0.202105311346/tools/bin/../lib/gcc/arm-none-eabi/9.3.1/thumb/v7e-m/nofp/crtbegin.o
                0x00000000080083f8                PROVIDE (__init_array_end = .)
                0x00000000080083f8                . = ALIGN (0x4)

.fini_array     0x00000000080083f8        0x4
                0x00000000080083f8                . = ALIGN (0x4)
                [!provide]                        PROVIDE (__fini_array_start = .)
 *(SORT_BY_NAME(.fini_array.*))
 *(.fini_array*)
 .fini_array    0x00000000080083f8        0x4 /opt/st/stm32cubeide_1.7.0/plugins/com.st.stm32cube.ide.mcu.externaltools.gnu-tools-for-stm32.9-2020-q2-update.linux64_2.0.0.202105311346/tools/bin/../lib/gcc/arm-none-eabi/9.3.1/thumb/v7e-m/nofp/crtbegin.o
                [!provide]                        PROVIDE (__fini_array_end = .)
                0x00000000080083fc                . = ALIGN (0x4)
                0x00000000080083fc                _sidata = LOADADDR (.data)

.data           0x0000000020000000      0x214 load address 0x00000000080083fc
                0x0000000020000000                . = ALIGN (0x4)
                0x0000000020000000                _sdata = .
 *(.data)
 *(.data*)
 .data.bufferData
                0x0000000020000000       0x40 ./Src/main.o
                0x0000000020000000                bufferData
 .data._impure_ptr
                0x0000000020000040        0x4 /opt/st/stm32cubeide_1.7.0/plugins/com.st.stm32cube.ide.mcu.externaltools.gnu-tools-for-stm32.9-2020-q2-update.linux64_2.0.0.202105311346/tools/bin/../lib/gcc/arm-none-eabi/9.3.1/../../../../arm-none-eabi/lib/thumb/v7e-m/nofp/libc_nano.a(lib_a-impure.o)
                0x0000000020000040                _impure_ptr
 .data.impure_data
                0x0000000020000044       0x60 /opt/st/stm32cubeide_1.7.0/plugins/com.st.stm32cube.ide.mcu.externaltools.gnu-tools-for-stm32.9-2020-q2-update.linux64_2.0.0.202105311346/tools/bin/../lib/gcc/arm-none-eabi/9.3.1/../../../../arm-none-eabi/lib/thumb/v7e-m/nofp/libc_nano.a(lib_a-impure.o)
 .data.numempty
                0x00000000200000a4        0x2 /opt/st/stm32cubeide_1.7.0/plugins/com.st.stm32cube.ide.mcu.externaltools.gnu-tools-for-stm32.9-2020-q2-update.linux64_2.0.0.202105311346/tools/bin/../lib/gcc/arm-none-eabi/9.3.1/../../../../arm-none-eabi/lib/thumb/v7e-m/nofp/libc_nano.a(lib_a-lnumeric.o)
 *fill*         0x00000000200000a6        0x2 
 .data.__global_locale
                0x00000000200000a8      0x16c /opt/st/stm32cubeide_1.7.0/plugins/com.st.stm32cube.ide.mcu.externaltools.gnu-tools-for-stm32.9-2020-q2-update.linux64_2.0.0.202105311346/tools/bin/../lib/gcc/arm-none-eabi/9.3.1/../../../../arm-none-eabi/lib/thumb/v7e-m/nofp/libc_nano.a(lib_a-locale.o)
                0x00000000200000a8                __global_locale
 *(.RamFunc)
 *(.RamFunc*)
                0x0000000020000214                . = ALIGN (0x4)
                0x0000000020000214                _edata = .

.igot.plt       0x0000000020000214        0x0 load address 0x0000000008008610
 .igot.plt      0x0000000020000214        0x0 /opt/st/stm32cubeide_1.7.0/plugins/com.st.stm32cube.ide.mcu.externaltools.gnu-tools-for-stm32.9-2020-q2-update.linux64_2.0.0.202105311346/tools/bin/../lib/gcc/arm-none-eabi/9.3.1/thumb/v7e-m/nofp/crtbegin.o
                0x0000000020000214                . = ALIGN (0x4)

.bss            0x0000000020000218      0x208 load address 0x0000000008008610
                0x0000000020000218                _sbss = .
                0x0000000020000218                __bss_start__ = _sbss
 *(.bss)
 .bss           0x0000000020000218       0x1c /opt/st/stm32cubeide_1.7.0/plugins/com.st.stm32cube.ide.mcu.externaltools.gnu-tools-for-stm32.9-2020-q2-update.linux64_2.0.0.202105311346/tools/bin/../lib/gcc/arm-none-eabi/9.3.1/thumb/v7e-m/nofp/crtbegin.o
 *(.bss*)
 .bss.handlerLedOK
                0x0000000020000234        0xc ./Src/main.o
                0x0000000020000234                handlerLedOK
 .bss.handlerPinPwmChannel
                0x0000000020000240        0xc ./Src/main.o
                0x0000000020000240                handlerPinPwmChannel
 .bss.handlerSignalPWM
                0x000000002000024c       0x10 ./Src/main.o
                0x000000002000024c                handlerSignalPWM
 *fill*         0x000000002000025c        0x4 
 .bss.rawDutty  0x0000000020000260        0x8 ./Src/main.o
                0x0000000020000260                rawDutty
 .bss.rawDutty_2
                0x0000000020000268        0x8 ./Src/main.o
                0x0000000020000268                rawDutty_2
 .bss.distance  0x0000000020000270        0x8 ./Src/main.o
                0x0000000020000270                distance
 .bss.distance_2
                0x0000000020000278        0x8 ./Src/main.o
                0x0000000020000278                distance_2
 .bss.distance_aux
                0x0000000020000280        0x8 ./Src/main.o
                0x0000000020000280                distance_aux
 .bss.distance_aux_2
                0x0000000020000288        0x8 ./Src/main.o
                0x0000000020000288                distance_aux_2
 .bss.flagHCSR04
                0x0000000020000290        0x1 ./Src/main.o
                0x0000000020000290                flagHCSR04
 .bss.flagHCSR04_2
                0x0000000020000291        0x1 ./Src/main.o
                0x0000000020000291                flagHCSR04_2
 *fill*         0x0000000020000292        0x2 
 .bss.handlerPinCapture
                0x0000000020000294        0xc ./Src/main.o
                0x0000000020000294                handlerPinCapture
 .bss.handlerCapturaFrec
                0x00000000200002a0       0x10 ./Src/main.o
                0x00000000200002a0                handlerCapturaFrec
 .bss.handlerPinCapture2
                0x00000000200002b0        0xc ./Src/main.o
                0x00000000200002b0                handlerPinCapture2
 .bss.handlerCapturaFrec2
                0x00000000200002bc       0x10 ./Src/main.o
                0x00000000200002bc                handlerCapturaFrec2
 .bss.handlerPinTX
                0x00000000200002cc        0xc ./Src/main.o
                0x00000000200002cc                handlerPinTX
 .bss.handlerPinRX
                0x00000000200002d8        0xc ./Src/main.o
                0x00000000200002d8                handlerPinRX
 .bss.handlerCommTerminal
                0x00000000200002e4       0x8c ./Src/main.o
                0x00000000200002e4                handlerCommTerminal
 .bss.rxData    0x0000000020000370        0x1 ./Src/main.o
                0x0000000020000370                rxData
 .bss.counterCapture
                0x0000000020000371        0x1 ./Src/main.o
                0x0000000020000371                counterCapture
 .bss.counterCapture_2
                0x0000000020000372        0x1 ./Src/main.o
                0x0000000020000372                counterCapture_2
 *fill*         0x0000000020000373        0x1 
 .bss.handlerDelay
                0x0000000020000374       0x14 ./Src/main.o
                0x0000000020000374                handlerDelay
 .bss.counterDelay
                0x0000000020000388        0x4 ./Src/main.o
                0x0000000020000388                counterDelay
 .bss.delayTimestamp1
                0x000000002000038c        0x4 ./Src/main.o
                0x000000002000038c                delayTimestamp1
 .bss.delayTimestamp2
                0x0000000020000390        0x4 ./Src/main.o
                0x0000000020000390                delayTimestamp2
 .bss.handlerSpiSCLK
                0x0000000020000394        0xc ./Src/main.o
                0x0000000020000394                handlerSpiSCLK
 .bss.handlerSpiMISO
                0x00000000200003a0        0xc ./Src/main.o
                0x00000000200003a0                handlerSpiMISO
 .bss.handlerSpiMOSI
                0x00000000200003ac        0xc ./Src/main.o
                0x00000000200003ac                handlerSpiMOSI
 .bss.handlerSpiSS
                0x00000000200003b8        0xc ./Src/main.o
                0x00000000200003b8                handlerSpiSS
 .bss.handlerSpiPort
                0x00000000200003c4       0x18 ./Src/main.o
                0x00000000200003c4                handlerSpiPort
 .bss.__sbrk_heap_end
                0x00000000200003dc        0x4 ./Src/sysmem.o
 .bss.timestamp
                0x00000000200003e0        0x4 /home/rafaelach/Documents/GitHub/Proyectos_TallerV_rcasalins/PeripheralDrivers/Debug/libPeripheralDrivers.a(CaptureFrecDriver.o)
                0x00000000200003e0                timestamp
 .bss.timestamp1
                0x00000000200003e4        0x4 /home/rafaelach/Documents/GitHub/Proyectos_TallerV_rcasalins/PeripheralDrivers/Debug/libPeripheralDrivers.a(CaptureFrecDriver.o)
                0x00000000200003e4                timestamp1
 .bss.timestamp2
                0x00000000200003e8        0x4 /home/rafaelach/Documents/GitHub/Proyectos_TallerV_rcasalins/PeripheralDrivers/Debug/libPeripheralDrivers.a(CaptureFrecDriver.o)
                0x00000000200003e8                timestamp2
 .bss.deltaTimestamp
                0x00000000200003ec        0x4 /home/rafaelach/Documents/GitHub/Proyectos_TallerV_rcasalins/PeripheralDrivers/Debug/libPeripheralDrivers.a(CaptureFrecDriver.o)
                0x00000000200003ec                deltaTimestamp
 .bss.timestamp_c2
                0x00000000200003f0        0x4 /home/rafaelach/Documents/GitHub/Proyectos_TallerV_rcasalins/PeripheralDrivers/Debug/libPeripheralDrivers.a(CaptureFrecDriver.o)
                0x00000000200003f0                timestamp_c2
 .bss.timestamp1_c2
                0x00000000200003f4        0x4 /home/rafaelach/Documents/GitHub/Proyectos_TallerV_rcasalins/PeripheralDrivers/Debug/libPeripheralDrivers.a(CaptureFrecDriver.o)
                0x00000000200003f4                timestamp1_c2
 .bss.timestamp2_c2
                0x00000000200003f8        0x4 /home/rafaelach/Documents/GitHub/Proyectos_TallerV_rcasalins/PeripheralDrivers/Debug/libPeripheralDrivers.a(CaptureFrecDriver.o)