17:39:31 **** Clean-only build of configuration Debug for project UltrasonicEyes_STM32 ****
make clean clean 
rm -rf  default.size.stdout  UltrasonicEyes_STM32.list  UltrasonicEyes_STM32.elf  ./Startup/startup_stm32f411retx.o  ./Src/main.o ./Src/syscalls.o ./Src/sysmem.o  ./Startup/startup_stm32f411retx.d  ./Src/main.d ./Src/syscalls.d ./Src/sysmem.d  UltrasonicEyes_STM32.bin  UltrasonicEyes_STM32.elf
 
make: Nothing to be done for 'clean'.
17:39:31 **** Incremental Build of configuration Debug for project UltrasonicEyes_STM32 ****
make clean all 
rm -rf  default.size.stdout  UltrasonicEyes_STM32.list  UltrasonicEyes_STM32.elf  ./Startup/startup_stm32f411retx.o  ./Src/main.o ./Src/syscalls.o ./Src/sysmem.o  ./Startup/startup_stm32f411retx.d  ./Src/main.d ./Src/syscalls.d ./Src/sysmem.d  UltrasonicEyes_STM32.bin  UltrasonicEyes_STM32.elf
 
arm-none-eabi-gcc -mcpu=cortex-m4 -g3 -DDEBUG -c -x assembler-with-cpp -MMD -MP -MF"Startup/startup_stm32f411retx.d" -MT"Startup/startup_stm32f411retx.o" --specs=nano.specs -mfloat-abi=soft -mthumb -o "Startup/startup_stm32f411retx.o" "../Startup/startup_stm32f411retx.s"
arm-none-eabi-gcc "../Src/main.c" -mcpu=cortex-m4 -std=gnu11 -g3 -DDEBUG -DNUCLEO_F411RE -DSTM32 -DSTM32F4 -DSTM32F411RETx -DSTM32F411xE -c -I../Inc -I"/home/rafaelach/Documents/GitHub/Proyectos_STM32/mcu_headers/CMSIS/Device/ST/STM32F4xx/Include" -I"/home/rafaelach/Documents/GitHub/Proyectos_STM32/PeripheralDrivers/Inc" -I"/home/rafaelach/Documents/GitHub/Proyectos_STM32/mcu_headers/CMSIS/Include" -O0 -ffunction-sections -fdata-sections -Wall -fstack-usage -MMD -MP -MF"Src/main.d" -MT"Src/main.o" --specs=nano.specs -mfloat-abi=soft -mthumb -o "Src/main.o"
arm-none-eabi-gcc "../Src/syscalls.c" -mcpu=cortex-m4 -std=gnu11 -g3 -DDEBUG -DNUCLEO_F411RE -DSTM32 -DSTM32F4 -DSTM32F411RETx -DSTM32F411xE -c -I../Inc -I"/home/rafaelach/Documents/GitHub/Proyectos_STM32/mcu_headers/CMSIS/Device/ST/STM32F4xx/Include" -I"/home/rafaelach/Documents/GitHub/Proyectos_STM32/PeripheralDrivers/Inc" -I"/home/rafaelach/Documents/GitHub/Proyectos_STM32/mcu_headers/CMSIS/Include" -O0 -ffunction-sections -fdata-sections -Wall -fstack-usage -MMD -MP -MF"Src/syscalls.d" -MT"Src/syscalls.o" --specs=nano.specs -mfloat-abi=soft -mthumb -o "Src/syscalls.o"
arm-none-eabi-gcc "../Src/sysmem.c" -mcpu=cortex-m4 -std=gnu11 -g3 -DDEBUG -DNUCLEO_F411RE -DSTM32 -DSTM32F4 -DSTM32F411RETx -DSTM32F411xE -c -I../Inc -I"/home/rafaelach/Documents/GitHub/Proyectos_STM32/mcu_headers/CMSIS/Device/ST/STM32F4xx/Include" -I"/home/rafaelach/Documents/GitHub/Proyectos_STM32/PeripheralDrivers/Inc" -I"/home/rafaelach/Documents/GitHub/Proyectos_STM32/mcu_headers/CMSIS/Include" -O0 -ffunction-sections -fdata-sections -Wall -fstack-usage -MMD -MP -MF"Src/sysmem.d" -MT"Src/sysmem.o" --specs=nano.specs -mfloat-abi=soft -mthumb -o "Src/sysmem.o"
arm-none-eabi-gcc -o "UltrasonicEyes_STM32.elf" @"objects.list"  -lPeripheralDrivers -mcpu=cortex-m4 -T"/home/rafaelach/Documents/GitHub/Proyectos_STM32/UltrasonicEyes_STM32/STM32F411RETX_FLASH.ld" --specs=nosys.specs -Wl,-Map="UltrasonicEyes_STM32.map" -Wl,--gc-sections -static -L"/home/rafaelach/Documents/GitHub/Proyectos_STM32/PeripheralDrivers/Debug" --specs=nano.specs -mfloat-abi=soft -mthumb -u _printf_float -u _scanf_float -Wl,--start-group -lc -lm -Wl,--end-group
Finished building target: UltrasonicEyes_STM32.elf
 
arm-none-eabi-size   UltrasonicEyes_STM32.elf 
   text	   data	    bss	    dec	    hex	filename
  33772	    540	   2056	  36368	   8e10	UltrasonicEyes_STM32.elf
Finished building: default.size.stdout
 
arm-none-eabi-objdump -h -S  UltrasonicEyes_STM32.elf  > "UltrasonicEyes_STM32.list"
Finished building: UltrasonicEyes_STM32.list
 
arm-none-eabi-objcopy  -O binary  UltrasonicEyes_STM32.elf  "UltrasonicEyes_STM32.bin"
Finished building: UltrasonicEyes_STM32.bin
 
