17:37:42 **** Incremental Build of configuration Debug for project ProyectoTallerV ****
make clean all 
rm -rf  default.size.stdout  ProyectoTallerV.list  ProyectoTallerV.elf  ./Startup/startup_stm32f411retx.o  ./Src/main.o ./Src/syscalls.o ./Src/sysmem.o  ./Startup/startup_stm32f411retx.d  ./Src/main.d ./Src/syscalls.d ./Src/sysmem.d  ProyectoTallerV.bin  ProyectoTallerV.elf
 
arm-none-eabi-gcc -mcpu=cortex-m4 -g3 -DDEBUG -c -x assembler-with-cpp -MMD -MP -MF"Startup/startup_stm32f411retx.d" -MT"Startup/startup_stm32f411retx.o" --specs=nano.specs -mfloat-abi=soft -mthumb -o "Startup/startup_stm32f411retx.o" "../Startup/startup_stm32f411retx.s"
arm-none-eabi-gcc "../Src/main.c" -mcpu=cortex-m4 -std=gnu11 -g3 -DDEBUG -DNUCLEO_F411RE -DSTM32 -DSTM32F4 -DSTM32F411RETx -DSTM32F411xE -c -I../Inc -I"/home/rafaelach/Documents/GitHub/Proyectos_STM32/mcu_headers/CMSIS/Device/ST/STM32F4xx/Include" -I"/home/rafaelach/Documents/GitHub/Proyectos_STM32/PeripheralDrivers/Inc" -I"/home/rafaelach/Documents/GitHub/Proyectos_STM32/mcu_headers/CMSIS/Include" -O0 -ffunction-sections -fdata-sections -Wall -fstack-usage -MMD -MP -MF"Src/main.d" -MT"Src/main.o" --specs=nano.specs -mfloat-abi=soft -mthumb -o "Src/main.o"
arm-none-eabi-gcc "../Src/syscalls.c" -mcpu=cortex-m4 -std=gnu11 -g3 -DDEBUG -DNUCLEO_F411RE -DSTM32 -DSTM32F4 -DSTM32F411RETx -DSTM32F411xE -c -I../Inc -I"/home/rafaelach/Documents/GitHub/Proyectos_STM32/mcu_headers/CMSIS/Device/ST/STM32F4xx/Include" -I"/home/rafaelach/Documents/GitHub/Proyectos_STM32/PeripheralDrivers/Inc" -I"/home/rafaelach/Documents/GitHub/Proyectos_STM32/mcu_headers/CMSIS/Include" -O0 -ffunction-sections -fdata-sections -Wall -fstack-usage -MMD -MP -MF"Src/syscalls.d" -MT"Src/syscalls.o" --specs=nano.specs -mfloat-abi=soft -mthumb -o "Src/syscalls.o"
arm-none-eabi-gcc "../Src/sysmem.c" -mcpu=cortex-m4 -std=gnu11 -g3 -DDEBUG -DNUCLEO_F411RE -DSTM32 -DSTM32F4 -DSTM32F411RETx -DSTM32F411xE -c -I../Inc -I"/home/rafaelach/Documents/GitHub/Proyectos_STM32/mcu_headers/CMSIS/Device/ST/STM32F4xx/Include" -I"/home/rafaelach/Documents/GitHub/Proyectos_STM32/PeripheralDrivers/Inc" -I"/home/rafaelach/Documents/GitHub/Proyectos_STM32/mcu_headers/CMSIS/Include" -O0 -ffunction-sections -fdata-sections -Wall -fstack-usage -MMD -MP -MF"Src/sysmem.d" -MT"Src/sysmem.o" --specs=nano.specs -mfloat-abi=soft -mthumb -o "Src/sysmem.o"
arm-none-eabi-gcc -o "ProyectoTallerV.elf" @"objects.list"  -lPeripheralDrivers -mcpu=cortex-m4 -T"/home/rafaelach/Documents/GitHub/Proyectos_STM32/ProyectoTallerV/STM32F411RETX_FLASH.ld" --specs=nosys.specs -Wl,-Map="ProyectoTallerV.map" -Wl,--gc-sections -static -L"/home/rafaelach/Documents/GitHub/Proyectos_STM32/PeripheralDrivers/Debug" --specs=nano.specs -mfloat-abi=soft -mthumb -u _printf_float -u _scanf_float -Wl,--start-group -lc -lm -Wl,--end-group
Finished building target: ProyectoTallerV.elf
 
arm-none-eabi-size   ProyectoTallerV.elf 
   text	   data	    bss	    dec	    hex	filename
  33772	    540	   2056	  36368	   8e10	ProyectoTallerV.elf
Finished building: default.size.stdout
 
arm-none-eabi-objdump -h -S  ProyectoTallerV.elf  > "ProyectoTallerV.list"
Finished building: ProyectoTallerV.list
 
arm-none-eabi-objcopy  -O binary  ProyectoTallerV.elf  "ProyectoTallerV.bin"
Finished building: ProyectoTallerV.bin
 

17:37:43 Build Finished. 0 errors, 0 warnings. (took 570ms)

